Archive member included to satisfy reference by file (symbol)

/usr/lib/gcc/arm-none-eabi/7.3.1/thumb/v6-m/libgcc.a(_dvmd_tls.o)
                              CMakeFiles/IndependentHID.dir/home/pi/pico/pico-sdk/src/rp2_common/pico_divider/divider.S.obj (__aeabi_idiv0)
/usr/lib/gcc/arm-none-eabi/7.3.1/thumb/v6-m/libgcc.a(unwind-arm.o)
                              CMakeFiles/IndependentHID.dir/IndependentHID.cpp.obj (__aeabi_unwind_cpp_pr0)
/usr/lib/gcc/arm-none-eabi/7.3.1/thumb/v6-m/libgcc.a(libunwind.o)
                              /usr/lib/gcc/arm-none-eabi/7.3.1/thumb/v6-m/libgcc.a(unwind-arm.o) (restore_core_regs)
/usr/lib/gcc/arm-none-eabi/7.3.1/thumb/v6-m/libgcc.a(pr-support.o)
                              /usr/lib/gcc/arm-none-eabi/7.3.1/thumb/v6-m/libgcc.a(unwind-arm.o) (__gnu_unwind_execute)
/usr/lib/gcc/arm-none-eabi/7.3.1/../../../arm-none-eabi/lib/thumb/v6-m/libg.a(lib_a-abort.o)
                              /usr/lib/gcc/arm-none-eabi/7.3.1/thumb/v6-m/libgcc.a(unwind-arm.o) (abort)
/usr/lib/gcc/arm-none-eabi/7.3.1/../../../arm-none-eabi/lib/thumb/v6-m/libg.a(lib_a-atexit.o)
                              /usr/lib/gcc/arm-none-eabi/7.3.1/../../../arm-none-eabi/lib/thumb/v6-m/crt0.o (atexit)
/usr/lib/gcc/arm-none-eabi/7.3.1/../../../arm-none-eabi/lib/thumb/v6-m/libg.a(lib_a-calloc.o)
                              CMakeFiles/IndependentHID.dir/home/pi/pico/pico-sdk/src/rp2_common/pico_malloc/pico_malloc.c.obj (calloc)
/usr/lib/gcc/arm-none-eabi/7.3.1/../../../arm-none-eabi/lib/thumb/v6-m/libg.a(lib_a-callocr.o)
                              /usr/lib/gcc/arm-none-eabi/7.3.1/../../../arm-none-eabi/lib/thumb/v6-m/libg.a(lib_a-calloc.o) (_calloc_r)
/usr/lib/gcc/arm-none-eabi/7.3.1/../../../arm-none-eabi/lib/thumb/v6-m/libg.a(lib_a-ctype_.o)
                              CMakeFiles/IndependentHID.dir/home/pi/pico/pico-sdk/lib/tinyusb/src/tusb.c.obj (_ctype_)
/usr/lib/gcc/arm-none-eabi/7.3.1/../../../arm-none-eabi/lib/thumb/v6-m/libg.a(lib_a-fini.o)
                              /usr/lib/gcc/arm-none-eabi/7.3.1/../../../arm-none-eabi/lib/thumb/v6-m/crt0.o (__libc_fini_array)
/usr/lib/gcc/arm-none-eabi/7.3.1/../../../arm-none-eabi/lib/thumb/v6-m/libg.a(lib_a-impure.o)
                              /usr/lib/gcc/arm-none-eabi/7.3.1/../../../arm-none-eabi/lib/thumb/v6-m/libg.a(lib_a-calloc.o) (_impure_ptr)
/usr/lib/gcc/arm-none-eabi/7.3.1/../../../arm-none-eabi/lib/thumb/v6-m/libg.a(lib_a-init.o)
                              /usr/lib/gcc/arm-none-eabi/7.3.1/../../../arm-none-eabi/lib/thumb/v6-m/crt0.o (__libc_init_array)
/usr/lib/gcc/arm-none-eabi/7.3.1/../../../arm-none-eabi/lib/thumb/v6-m/libg.a(lib_a-malloc.o)
                              CMakeFiles/IndependentHID.dir/home/pi/pico/pico-sdk/src/rp2_common/pico_malloc/pico_malloc.c.obj (malloc)
/usr/lib/gcc/arm-none-eabi/7.3.1/../../../arm-none-eabi/lib/thumb/v6-m/libg.a(lib_a-mallocr.o)
                              /usr/lib/gcc/arm-none-eabi/7.3.1/../../../arm-none-eabi/lib/thumb/v6-m/libg.a(lib_a-callocr.o) (_malloc_r)
/usr/lib/gcc/arm-none-eabi/7.3.1/../../../arm-none-eabi/lib/thumb/v6-m/libg.a(lib_a-mlock.o)
                              /usr/lib/gcc/arm-none-eabi/7.3.1/../../../arm-none-eabi/lib/thumb/v6-m/libg.a(lib_a-mallocr.o) (__malloc_lock)
/usr/lib/gcc/arm-none-eabi/7.3.1/../../../arm-none-eabi/lib/thumb/v6-m/libg.a(lib_a-sbrkr.o)
                              /usr/lib/gcc/arm-none-eabi/7.3.1/../../../arm-none-eabi/lib/thumb/v6-m/libg.a(lib_a-mallocr.o) (_sbrk_r)
/usr/lib/gcc/arm-none-eabi/7.3.1/../../../arm-none-eabi/lib/thumb/v6-m/libg.a(lib_a-signal.o)
                              /usr/lib/gcc/arm-none-eabi/7.3.1/../../../arm-none-eabi/lib/thumb/v6-m/libg.a(lib_a-abort.o) (raise)
/usr/lib/gcc/arm-none-eabi/7.3.1/../../../arm-none-eabi/lib/thumb/v6-m/libg.a(lib_a-signalr.o)
                              /usr/lib/gcc/arm-none-eabi/7.3.1/../../../arm-none-eabi/lib/thumb/v6-m/libg.a(lib_a-signal.o) (_kill_r)
/usr/lib/gcc/arm-none-eabi/7.3.1/../../../arm-none-eabi/lib/thumb/v6-m/libg.a(lib_a-strlen-stub.o)
                              CMakeFiles/IndependentHID.dir/usb_descriptors.c.obj (strlen)
/usr/lib/gcc/arm-none-eabi/7.3.1/../../../arm-none-eabi/lib/thumb/v6-m/libg.a(lib_a-__atexit.o)
                              /usr/lib/gcc/arm-none-eabi/7.3.1/../../../arm-none-eabi/lib/thumb/v6-m/libg.a(lib_a-atexit.o) (__register_exitproc)
/usr/lib/gcc/arm-none-eabi/7.3.1/../../../arm-none-eabi/lib/thumb/v6-m/libg.a(lib_a-freer.o)
                              /usr/lib/gcc/arm-none-eabi/7.3.1/../../../arm-none-eabi/lib/thumb/v6-m/libg.a(lib_a-malloc.o) (_free_r)
/usr/lib/gcc/arm-none-eabi/7.3.1/../../../arm-none-eabi/lib/thumb/v6-m/libg.a(lib_a-reent.o)
                              /usr/lib/gcc/arm-none-eabi/7.3.1/../../../arm-none-eabi/lib/thumb/v6-m/libg.a(lib_a-sbrkr.o) (errno)
/usr/lib/gcc/arm-none-eabi/7.3.1/../../../arm-none-eabi/lib/thumb/v6-m/libnosys.a(getpid.o)
[...]
Memory Configuration

Name             Origin             Length             Attributes
FLASH            0x10000000         0x00200000         xr
RAM              0x20000000         0x00040000         xrw
SCRATCH_X        0x20040000         0x00001000         xrw
SCRATCH_Y        0x20041000         0x00001000         xrw
*default*        0x00000000         0xffffffff

Linker script and memory map

LOAD /usr/lib/gcc/arm-none-eabi/7.3.1/thumb/v6-m/crti.o
LOAD /usr/lib/gcc/arm-none-eabi/7.3.1/thumb/v6-m/crtbegin.o
LOAD /usr/lib/gcc/arm-none-eabi/7.3.1/../../../arm-none-eabi/lib/thumb/v6-m/crt0.o

.flash_begin    0x10000000        0x0
                0x10000000                __flash_binary_start = .

.boot2          0x10000000      0x100
                0x10000000                __boot2_start__ = .
 *(.boot2)
 .boot2         0x10000000      0x100 /tmp/cc6dVprJ.o
                0x10000100                __boot2_end__ = .
                0x00000001                ASSERT (((__boot2_end__ - __boot2_start__) == 0x100), ERROR: Pico second stage bootloader must be 256 bytes in size)

.text           0x10000100     0x7038
                0x10000100                __logical_binary_start = .
 *(.vectors)
 .vectors       0x10000100       0xd4 CMakeFiles/IndependentHID.dir/home/pi/pico/pico-sdk/src/rp2_common/pico_standard_link/crt0.S.obj
                0x10000100                __vectors
                0x10000100                __VECTOR_TABLE
                0x100001c0                isr_invalid
                0x100001c0                __default_isrs_start
                0x100001c2                isr_nmi
                0x100001c4                isr_hardfault
                0x100001c6                isr_svcall
                0x100001c8                isr_pendsv
                0x100001ca                isr_systick
                0x100001cc                isr_irq30
                0x100001cc                __unhandled_user_irq
                0x100001cc                isr_irq13
                0x100001cc                isr_irq27
                0x100001cc                isr_irq31
                0x100001cc                isr_irq5
                0x100001cc                isr_irq11
                0x100001cc                isr_irq23
                0x100001cc                isr_irq18
                0x100001cc                isr_irq28
                0x100001cc                isr_irq19
                0x100001cc                isr_irq0
                0x100001cc                isr_irq6
                0x100001cc                isr_irq22
                0x100001cc                isr_irq17
                0x100001cc                isr_irq14
                0x100001cc                isr_irq2
                0x100001cc                isr_irq10
                0x100001cc                isr_irq8
                0x100001cc                isr_irq24
                0x100001cc                isr_irq1
                0x100001cc                isr_irq7
                0x100001cc                isr_irq21
                0x100001cc                isr_irq20
                0x100001cc                isr_irq15
                0x100001cc                isr_irq25
                0x100001cc                isr_irq4
                0x100001cc                isr_irq16
                0x100001cc                isr_irq29
                0x100001cc                isr_irq26
                0x100001cc                __default_isrs_end
                0x100001cc                isr_irq3
                0x100001cc                isr_irq12
                0x100001cc                isr_irq9
                0x100001d2                unhandled_user_irq_num_in_r0
 *(.binary_info_header)
 .binary_info_header
                0x100001d4       0x14 CMakeFiles/IndependentHID.dir/home/pi/pico/pico-sdk/src/rp2_common/pico_standard_link/crt0.S.obj
                0x100001e8                __binary_info_header_end = .
 *(.reset)
 .reset         0x100001e8       0xa8 CMakeFiles/IndependentHID.dir/home/pi/pico/pico-sdk/src/rp2_common/pico_standard_link/crt0.S.obj
                0x100001e8                _entry_point
                0x10000266                __get_current_exception
 .reset         0x10000290       0x30 CMakeFiles/IndependentHID.dir/home/pi/pico/pico-sdk/src/rp2_common/pico_standard_link/binary_info.c.obj
 *(.init)
 .init          0x100002c0        0x4 /usr/lib/gcc/arm-none-eabi/7.3.1/thumb/v6-m/crti.o
                0x100002c0                _init
 *(EXCLUDE_FILE(*libm.a: *libc.a:*lib_a-mem*.o *libgcc.a:) .text*)
 .text          0x100002c4       0x98 /usr/lib/gcc/arm-none-eabi/7.3.1/thumb/v6-m/crtbegin.o
 .text.tud_mount_cb
                0x1000035c       0x10 CMakeFiles/IndependentHID.dir/IndependentHID.cpp.obj
                0x1000035c                tud_mount_cb
 .text.tud_umount_cb
                0x1000036c        0xc CMakeFiles/IndependentHID.dir/IndependentHID.cpp.obj
                0x1000036c                tud_umount_cb
 .text.tud_suspend_cb
                0x10000378       0x10 CMakeFiles/IndependentHID.dir/IndependentHID.cpp.obj
                0x10000378                tud_suspend_cb
 .text.tud_resume_cb
                0x10000388       0x10 CMakeFiles/IndependentHID.dir/IndependentHID.cpp.obj
                0x10000388                tud_resume_cb
 .text._Z8hid_taskv
                0x10000398       0x8c CMakeFiles/IndependentHID.dir/IndependentHID.cpp.obj
                0x10000398                hid_task()
 .text.tud_hid_get_report_cb
                0x10000424        0x4 CMakeFiles/IndependentHID.dir/IndependentHID.cpp.obj
                0x10000424                tud_hid_get_report_cb
 .text.tud_hid_set_report_cb
                0x10000428        0x2 CMakeFiles/IndependentHID.dir/IndependentHID.cpp.obj
                0x10000428                tud_hid_set_report_cb
 *fill*         0x1000042a        0x2 
 .text._Z17led_blinking_taskv
                0x1000042c       0x6c CMakeFiles/IndependentHID.dir/IndependentHID.cpp.obj
                0x1000042c                led_blinking_task()
 .text.main     0x10000498       0x38 CMakeFiles/IndependentHID.dir/IndependentHID.cpp.obj
                0x10000498                main
 .text.tud_descriptor_device_cb
                0x100004d0        0x8 CMakeFiles/IndependentHID.dir/usb_descriptors.c.obj
                0x100004d0                tud_descriptor_device_cb
 .text.tud_hid_descriptor_report_cb
                0x100004d8        0x8 CMakeFiles/IndependentHID.dir/usb_descriptors.c.obj
                0x100004d8                tud_hid_descriptor_report_cb
 .text.tud_descriptor_configuration_cb
                0x100004e0        0x8 CMakeFiles/IndependentHID.dir/usb_descriptors.c.obj
                0x100004e0                tud_descriptor_configuration_cb
 .text.tud_descriptor_string_cb
                0x100004e8       0x64 CMakeFiles/IndependentHID.dir/usb_descriptors.c.obj
                0x100004e8                tud_descriptor_string_cb
 .text.gpio_set_function
                0x1000054c       0x30 CMakeFiles/IndependentHID.dir/home/pi/pico/pico-sdk/src/rp2_common/hardware_gpio/gpio.c.obj
                0x1000054c                gpio_set_function
 .text.gpio_init
                0x1000057c       0x16 CMakeFiles/IndependentHID.dir/home/pi/pico/pico-sdk/src/rp2_common/hardware_gpio/gpio.c.obj
                0x1000057c                gpio_init
 *fill*         0x10000592        0x2 
 .text.hw_claim_lock
                0x10000594       0x18 CMakeFiles/IndependentHID.dir/home/pi/pico/pico-sdk/src/rp2_common/hardware_claim/claim.c.obj
                0x10000594                hw_claim_lock
 .text.hw_claim_unlock
                0x100005ac       0x14 CMakeFiles/IndependentHID.dir/home/pi/pico/pico-sdk/src/rp2_common/hardware_claim/claim.c.obj
                0x100005ac                hw_claim_unlock
 .text.hw_claim_or_assert
                0x100005c0       0x32 CMakeFiles/IndependentHID.dir/home/pi/pico/pico-sdk/src/rp2_common/hardware_claim/claim.c.obj
                0x100005c0                hw_claim_or_assert
 .text.hw_claim_unused_from_range
                0x100005f2       0x50 CMakeFiles/IndependentHID.dir/home/pi/pico/pico-sdk/src/rp2_common/hardware_claim/claim.c.obj
                0x100005f2                hw_claim_unused_from_range
 *fill*         0x10000642        0x2 
 .text.running_on_fpga
                0x10000644       0x14 CMakeFiles/IndependentHID.dir/home/pi/pico/pico-sdk/src/rp2_common/pico_platform/platform.c.obj
                0x10000644                running_on_fpga
 .text.spin_locks_reset
                0x10000658       0x20 CMakeFiles/IndependentHID.dir/home/pi/pico/pico-sdk/src/rp2_common/hardware_sync/sync.c.obj
                0x10000658                spin_locks_reset
 .text.next_striped_spin_lock_num
                0x10000678       0x1c CMakeFiles/IndependentHID.dir/home/pi/pico/pico-sdk/src/rp2_common/hardware_sync/sync.c.obj
                0x10000678                next_striped_spin_lock_num
 .text.spin_lock_claim_unused
                0x10000694       0x20 CMakeFiles/IndependentHID.dir/home/pi/pico/pico-sdk/src/rp2_common/hardware_sync/sync.c.obj
                0x10000694                spin_lock_claim_unused
 .text.uart_set_baudrate
                0x100006b4       0x5c CMakeFiles/IndependentHID.dir/home/pi/pico/pico-sdk/src/rp2_common/hardware_uart/uart.c.obj
                0x100006b4                uart_set_baudrate
 .text.uart_set_translate_crlf
                0x10000710       0x28 CMakeFiles/IndependentHID.dir/home/pi/pico/pico-sdk/src/rp2_common/hardware_uart/uart.c.obj
                0x10000710                uart_set_translate_crlf
 .text.uart_init
                0x10000738       0x84 CMakeFiles/IndependentHID.dir/home/pi/pico/pico-sdk/src/rp2_common/hardware_uart/uart.c.obj
                0x10000738                uart_init
 .text.alarm_pool_post_alloc_init
                0x100007bc       0x40 CMakeFiles/IndependentHID.dir/home/pi/pico/pico-sdk/src/common/pico_time/time.c.obj
 .text.sleep_until_callback
                0x100007fc       0x30 CMakeFiles/IndependentHID.dir/home/pi/pico/pico-sdk/src/common/pico_time/time.c.obj
 .text.timer_pool_entry_comparator
                0x1000082c       0x7c CMakeFiles/IndependentHID.dir/home/pi/pico/pico-sdk/src/common/pico_time/time.c.obj
                0x1000082c                timer_pool_entry_comparator
 .text.ph_add_child_node
                0x100008a8       0xa4 CMakeFiles/IndependentHID.dir/home/pi/pico/pico-sdk/src/common/pico_time/time.c.obj
 .text.ph_merge_nodes
                0x1000094c       0x3a CMakeFiles/IndependentHID.dir/home/pi/pico/pico-sdk/src/common/pico_time/time.c.obj
 *fill*         0x10000986        0x2 
 .text.add_alarm_under_lock
                0x10000988      0x180 CMakeFiles/IndependentHID.dir/home/pi/pico/pico-sdk/src/common/pico_time/time.c.obj
 .text.alarm_pool_alarm_callback
                0x10000b08      0x344 CMakeFiles/IndependentHID.dir/home/pi/pico/pico-sdk/src/common/pico_time/time.c.obj
 .text.alarm_pool_init_default
                0x10000e4c       0x38 CMakeFiles/IndependentHID.dir/home/pi/pico/pico-sdk/src/common/pico_time/time.c.obj
                0x10000e4c                alarm_pool_init_default
 .text.alarm_pool_get_default
                0x10000e84       0x2c CMakeFiles/IndependentHID.dir/home/pi/pico/pico-sdk/src/common/pico_time/time.c.obj
                0x10000e84                alarm_pool_get_default
 .text.alarm_pool_add_alarm_at
                0x10000eb0      0x168 CMakeFiles/IndependentHID.dir/home/pi/pico/pico-sdk/src/common/pico_time/time.c.obj
                0x10000eb0                alarm_pool_add_alarm_at
 .text.alarm_pool_cancel_alarm
                0x10001018       0xec CMakeFiles/IndependentHID.dir/home/pi/pico/pico-sdk/src/common/pico_time/time.c.obj
                0x10001018                alarm_pool_cancel_alarm
 .text.best_effort_wfe_or_timeout
                0x10001104       0x80 CMakeFiles/IndependentHID.dir/home/pi/pico/pico-sdk/src/common/pico_time/time.c.obj
                0x10001104                best_effort_wfe_or_timeout
 .text.hardware_alarm_irq_handler
                0x10001184       0x8c CMakeFiles/IndependentHID.dir/home/pi/pico/pico-sdk/src/rp2_common/hardware_timer/timer.c.obj
 .text.hardware_alarm_claim
                0x10001210       0x18 CMakeFiles/IndependentHID.dir/home/pi/pico/pico-sdk/src/rp2_common/hardware_timer/timer.c.obj
                0x10001210                hardware_alarm_claim
 .text.time_us_64
                0x10001228       0x18 CMakeFiles/IndependentHID.dir/home/pi/pico/pico-sdk/src/rp2_common/hardware_timer/timer.c.obj
                0x10001228                time_us_64
 .text.hardware_alarm_set_callback
                0x10001240       0x90 CMakeFiles/IndependentHID.dir/home/pi/pico/pico-sdk/src/rp2_common/hardware_timer/timer.c.obj
                0x10001240                hardware_alarm_set_callback
 .text.hardware_alarm_set_target
                0x100012d0       0xe8 CMakeFiles/IndependentHID.dir/home/pi/pico/pico-sdk/src/rp2_common/hardware_timer/timer.c.obj
                0x100012d0                hardware_alarm_set_target
 .text.hardware_alarm_cancel
                0x100013b8       0x40 CMakeFiles/IndependentHID.dir/home/pi/pico/pico-sdk/src/rp2_common/hardware_timer/timer.c.obj
                0x100013b8                hardware_alarm_cancel
 .text.lock_init
                0x100013f8       0x10 CMakeFiles/IndependentHID.dir/home/pi/pico/pico-sdk/src/common/pico_sync/lock_core.c.obj
                0x100013f8                lock_init
 .text.mutex_init_internal
                0x10001408       0x1e CMakeFiles/IndependentHID.dir/home/pi/pico/pico-sdk/src/common/pico_sync/mutex.c.obj
 .text.mutex_init
                0x10001426        0xa CMakeFiles/IndependentHID.dir/home/pi/pico/pico-sdk/src/common/pico_sync/mutex.c.obj
                0x10001426                mutex_init
 .text.recursive_mutex_init
                0x10001430        0xa CMakeFiles/IndependentHID.dir/home/pi/pico/pico-sdk/src/common/pico_sync/mutex.c.obj
                0x10001430                recursive_mutex_init
 *fill*         0x1000143a        0x2 
 .text.critical_section_init_with_lock_num
                0x1000143c       0x14 CMakeFiles/IndependentHID.dir/home/pi/pico/pico-sdk/src/common/pico_sync/critical_section.c.obj
                0x1000143c                critical_section_init_with_lock_num
 .text.critical_section_init
                0x10001450       0x14 CMakeFiles/IndependentHID.dir/home/pi/pico/pico-sdk/src/common/pico_sync/critical_section.c.obj
                0x10001450                critical_section_init
 .text.ph_add_child_node
                0x10001464       0xa4 CMakeFiles/IndependentHID.dir/home/pi/pico/pico-sdk/src/common/pico_util/pheap.c.obj
 .text.ph_merge_nodes
                0x10001508       0x3a CMakeFiles/IndependentHID.dir/home/pi/pico/pico-sdk/src/common/pico_util/pheap.c.obj
 *fill*         0x10001542        0x2 
 .text.ph_clear
                0x10001544       0x70 CMakeFiles/IndependentHID.dir/home/pi/pico/pico-sdk/src/common/pico_util/pheap.c.obj
                0x10001544                ph_clear
 .text.ph_post_alloc_init
                0x100015b4        0xe CMakeFiles/IndependentHID.dir/home/pi/pico/pico-sdk/src/common/pico_util/pheap.c.obj
                0x100015b4                ph_post_alloc_init
 *fill*         0x100015c2        0x2 
 .text.ph_merge_two_pass
                0x100015c4       0xac CMakeFiles/IndependentHID.dir/home/pi/pico/pico-sdk/src/common/pico_util/pheap.c.obj
                0x100015c4                ph_merge_two_pass
 .text.ph_remove_any_head
                0x10001670      0x108 CMakeFiles/IndependentHID.dir/home/pi/pico/pico-sdk/src/common/pico_util/pheap.c.obj
 .text.ph_remove_head
                0x10001778       0x14 CMakeFiles/IndependentHID.dir/home/pi/pico/pico-sdk/src/common/pico_util/pheap.c.obj
                0x10001778                ph_remove_head
 .text.ph_remove_and_free_node
                0x1000178c       0xf8 CMakeFiles/IndependentHID.dir/home/pi/pico/pico-sdk/src/common/pico_util/pheap.c.obj
                0x1000178c                ph_remove_and_free_node
 .text.runtime_init
                0x10001884       0xd8 CMakeFiles/IndependentHID.dir/home/pi/pico/pico-sdk/src/rp2_common/pico_runtime/runtime.c.obj
                0x10001884                runtime_init
 .text._exit    0x1000195c        0x4 CMakeFiles/IndependentHID.dir/home/pi/pico/pico-sdk/src/rp2_common/pico_runtime/runtime.c.obj
                0x1000195c                _exit
 .text._sbrk    0x10001960       0x38 CMakeFiles/IndependentHID.dir/home/pi/pico/pico-sdk/src/rp2_common/pico_runtime/runtime.c.obj
                0x10001960                _sbrk
 .text.exit     0x10001998        0x6 CMakeFiles/IndependentHID.dir/home/pi/pico/pico-sdk/src/rp2_common/pico_runtime/runtime.c.obj
                0x10001998                exit
 *fill*         0x1000199e        0x2 
 .text.__assert_func
                0x100019a0       0x3c CMakeFiles/IndependentHID.dir/home/pi/pico/pico-sdk/src/rp2_common/pico_runtime/runtime.c.obj
                0x100019a0                __assert_func
 .text.panic    0x100019dc       0x30 CMakeFiles/IndependentHID.dir/home/pi/pico/pico-sdk/src/rp2_common/pico_runtime/runtime.c.obj
                0x100019dc                panic
 .text.clock_configure
                0x10001a0c       0xfc CMakeFiles/IndependentHID.dir/home/pi/pico/pico-sdk/src/rp2_common/hardware_clocks/clocks.c.obj
                0x10001a0c                clock_configure
 .text.clocks_init
                0x10001b08      0x100 CMakeFiles/IndependentHID.dir/home/pi/pico/pico-sdk/src/rp2_common/hardware_clocks/clocks.c.obj
                0x10001b08                clocks_init
 .text.clock_get_hz
                0x10001c08        0xc CMakeFiles/IndependentHID.dir/home/pi/pico/pico-sdk/src/rp2_common/hardware_clocks/clocks.c.obj
                0x10001c08                clock_get_hz
 .text.set_raw_irq_handler_and_unlock
                0x10001c14       0x28 CMakeFiles/IndependentHID.dir/home/pi/pico/pico-sdk/src/rp2_common/hardware_irq/irq.c.obj
 .text.make_branch
                0x10001c3c       0x34 CMakeFiles/IndependentHID.dir/home/pi/pico/pico-sdk/src/rp2_common/hardware_irq/irq.c.obj
 .text.insert_branch_and_link
                0x10001c70       0x40 CMakeFiles/IndependentHID.dir/home/pi/pico/pico-sdk/src/rp2_common/hardware_irq/irq.c.obj
 .text.irq_is_enabled
                0x10001cb0       0x18 CMakeFiles/IndependentHID.dir/home/pi/pico/pico-sdk/src/rp2_common/hardware_irq/irq.c.obj
                0x10001cb0                irq_is_enabled
 .text.irq_set_mask_enabled
                0x10001cc8       0x20 CMakeFiles/IndependentHID.dir/home/pi/pico/pico-sdk/src/rp2_common/hardware_irq/irq.c.obj
                0x10001cc8                irq_set_mask_enabled
 .text.irq_set_enabled
                0x10001ce8        0xe CMakeFiles/IndependentHID.dir/home/pi/pico/pico-sdk/src/rp2_common/hardware_irq/irq.c.obj
                0x10001ce8                irq_set_enabled
 *fill*         0x10001cf6        0x2 
 .text.irq_get_vtable_handler
                0x10001cf8       0x10 CMakeFiles/IndependentHID.dir/home/pi/pico/pico-sdk/src/rp2_common/hardware_irq/irq.c.obj
                0x10001cf8                irq_get_vtable_handler
 .text.irq_set_exclusive_handler
                0x10001d08       0x54 CMakeFiles/IndependentHID.dir/home/pi/pico/pico-sdk/src/rp2_common/hardware_irq/irq.c.obj
                0x10001d08                irq_set_exclusive_handler
 .text.irq_remove_handler
                0x10001d5c      0x1b4 CMakeFiles/IndependentHID.dir/home/pi/pico/pico-sdk/src/rp2_common/hardware_irq/irq.c.obj
                0x10001d5c                irq_remove_handler
 .text.irq_set_priority
                0x10001f10       0x28 CMakeFiles/IndependentHID.dir/home/pi/pico/pico-sdk/src/rp2_common/hardware_irq/irq.c.obj
                0x10001f10                irq_set_priority
 .text.irq_add_tail_to_free_list
                0x10001f38       0xf0 CMakeFiles/IndependentHID.dir/home/pi/pico/pico-sdk/src/rp2_common/hardware_irq/irq.c.obj
                0x10001f38                irq_add_tail_to_free_list
 .text.irq_init_priorities
                0x10002028       0x16 CMakeFiles/IndependentHID.dir/home/pi/pico/pico-sdk/src/rp2_common/hardware_irq/irq.c.obj
                0x10002028                irq_init_priorities
 *fill*         0x1000203e        0x2 
 .text.pll_init
                0x10002040      0x118 CMakeFiles/IndependentHID.dir/home/pi/pico/pico-sdk/src/rp2_common/hardware_pll/pll.c.obj
                0x10002040                pll_init
 .text.watchdog_start_tick
                0x10002158       0x10 CMakeFiles/IndependentHID.dir/home/pi/pico/pico-sdk/src/rp2_common/hardware_watchdog/watchdog.c.obj
                0x10002158                watchdog_start_tick
 .text.xosc_init
                0x10002168       0x28 CMakeFiles/IndependentHID.dir/home/pi/pico/pico-sdk/src/rp2_common/hardware_xosc/xosc.c.obj
                0x10002168                xosc_init
 .text._out_null
                0x10002190        0x2 CMakeFiles/IndependentHID.dir/home/pi/pico/pico-sdk/src/rp2_common/pico_printf/printf.c.obj
 .text._out_fct
                0x10002192        0xe CMakeFiles/IndependentHID.dir/home/pi/pico/pico-sdk/src/rp2_common/pico_printf/printf.c.obj
 .text._atoi    0x100021a0       0x24 CMakeFiles/IndependentHID.dir/home/pi/pico/pico-sdk/src/rp2_common/pico_printf/printf.c.obj
 .text._out_rev
                0x100021c4       0x8c CMakeFiles/IndependentHID.dir/home/pi/pico/pico-sdk/src/rp2_common/pico_printf/printf.c.obj
 .text._ntoa_format
                0x10002250      0x112 CMakeFiles/IndependentHID.dir/home/pi/pico/pico-sdk/src/rp2_common/pico_printf/printf.c.obj
 .text._ntoa_long
                0x10002362       0x9e CMakeFiles/IndependentHID.dir/home/pi/pico/pico-sdk/src/rp2_common/pico_printf/printf.c.obj
 .text._ntoa_long_long
                0x10002400       0xe2 CMakeFiles/IndependentHID.dir/home/pi/pico/pico-sdk/src/rp2_common/pico_printf/printf.c.obj
 *fill*         0x100024e2        0x2 
 .text._etoa    0x100024e4      0x424 CMakeFiles/IndependentHID.dir/home/pi/pico/pico-sdk/src/rp2_common/pico_printf/printf.c.obj
 .text._ftoa    0x10002908      0x340 CMakeFiles/IndependentHID.dir/home/pi/pico/pico-sdk/src/rp2_common/pico_printf/printf.c.obj
 .text._vsnprintf
                0x10002c48      0x640 CMakeFiles/IndependentHID.dir/home/pi/pico/pico-sdk/src/rp2_common/pico_printf/printf.c.obj
 .text.vfctprintf
                0x10003288       0x20 CMakeFiles/IndependentHID.dir/home/pi/pico/pico-sdk/src/rp2_common/pico_printf/printf.c.obj
                0x10003288                vfctprintf
 .text          0x100032a8       0x10 CMakeFiles/IndependentHID.dir/home/pi/pico/pico-sdk/src/rp2_common/pico_bit_ops/bit_ops_aeabi.S.obj
 .text.rom_func_lookup
                0x100032b8       0x10 CMakeFiles/IndependentHID.dir/home/pi/pico/pico-sdk/src/rp2_common/pico_bootrom/bootrom.c.obj
                0x100032b8                rom_func_lookup
 .text.rom_data_lookup
                0x100032c8       0x10 CMakeFiles/IndependentHID.dir/home/pi/pico/pico-sdk/src/rp2_common/pico_bootrom/bootrom.c.obj
                0x100032c8                rom_data_lookup
 .text.rom_funcs_lookup
                0x100032d8       0x36 CMakeFiles/IndependentHID.dir/home/pi/pico/pico-sdk/src/rp2_common/pico_bootrom/bootrom.c.obj
                0x100032d8                rom_funcs_lookup
 *fill*         0x1000330e        0x2 
 .text.__wrap___aeabi_idiv
                0x10003310       0x50 CMakeFiles/IndependentHID.dir/home/pi/pico/pico-sdk/src/rp2_common/pico_divider/divider.S.obj
                0x10003310                __wrap___aeabi_idivmod
                0x10003310                divmod_s32s32
                0x10003310                div_s32s32
                0x10003310                __wrap___aeabi_idiv
                0x10003318                divmod_s32s32_unsafe
                0x10003344                divmod_s32s32_savestate
 .text.__wrap___aeabi_uidiv
                0x10003360       0x4c CMakeFiles/IndependentHID.dir/home/pi/pico/pico-sdk/src/rp2_common/pico_divider/divider.S.obj
                0x10003360                __wrap___aeabi_uidiv
                0x10003360                __wrap___aeabi_uidivmod
                0x10003360                div_u32u32
                0x10003360                divmod_u32u32
                0x10003368                divmod_u32u32_unsafe
                0x10003390                divmod_u32u32_savestate
 .text.__wrap___aeabi_ldiv
                0x100033ac      0x430 CMakeFiles/IndependentHID.dir/home/pi/pico/pico-sdk/src/rp2_common/pico_divider/divider.S.obj
                0x100033ac                div_s64s64
                0x100033ac                divmod_s64s64
                0x100033ac                __wrap___aeabi_ldivmod
                0x100033e4                div_u64u64
                0x100033e4                divmod_u64u64
                0x100033e4                __wrap___aeabi_uldivmod
                0x100033f4                divmod_u64u64_savestate
                0x1000341c                divmod_s64s64_unsafe
                0x100034a4                divmod_u64u64_unsafe
 .text.__wrap___aeabi_darithmetic
                0x100037dc       0x80 CMakeFiles/IndependentHID.dir/home/pi/pico/pico-sdk/src/rp2_common/pico_double/double_aeabi.S.obj
                0x100037dc                __wrap___aeabi_drsub
                0x100037e2                __wrap___aeabi_dsub
                0x100037f4                __wrap___aeabi_dadd
                0x10003806                __wrap___aeabi_ddiv
                0x10003842                __wrap___aeabi_dmul
 .text.__wrap___aeabi_cdcmple
                0x1000385c       0x6c CMakeFiles/IndependentHID.dir/home/pi/pico/pico-sdk/src/rp2_common/pico_double/double_aeabi.S.obj
                0x1000385c                __wrap___aeabi_cdrcmple
                0x1000386c                __wrap___aeabi_cdcmple
                0x1000386c                __wrap___aeabi_cdcmpeq
 .text.__wrap___aeabi_dcmplt
                0x100038c8        0xc CMakeFiles/IndependentHID.dir/home/pi/pico/pico-sdk/src/rp2_common/pico_double/double_aeabi.S.obj
                0x100038c8                __wrap___aeabi_dcmplt
 .text.__wrap___aeabi_dcmple
                0x100038d4       0x10 CMakeFiles/IndependentHID.dir/home/pi/pico/pico-sdk/src/rp2_common/pico_double/double_aeabi.S.obj
                0x100038d4                __wrap___aeabi_dcmple
 .text.__wrap___aeabi_dcmpge
                0x100038e4       0x10 CMakeFiles/IndependentHID.dir/home/pi/pico/pico-sdk/src/rp2_common/pico_double/double_aeabi.S.obj
                0x100038e4                __wrap___aeabi_dcmpge
 .text.__wrap___aeabi_dcmpgt
                0x100038f4        0xa CMakeFiles/IndependentHID.dir/home/pi/pico/pico-sdk/src/rp2_common/pico_double/double_aeabi.S.obj
                0x100038f4                __wrap___aeabi_dcmpgt
 .text.__wrap___aeabi_dcmpun
                0x100038fe       0x1c CMakeFiles/IndependentHID.dir/home/pi/pico/pico-sdk/src/rp2_common/pico_double/double_aeabi.S.obj
                0x100038fe                __wrap___aeabi_dcmpun
 *fill*         0x1000391a        0x2 
 .text.__wrap___aeabi_i2d
                0x1000391c       0x38 CMakeFiles/IndependentHID.dir/home/pi/pico/pico-sdk/src/rp2_common/pico_double/double_aeabi.S.obj
                0x1000391c                __wrap___aeabi_ui2d
                0x10003924                __wrap___aeabi_i2d
 .text.__wrap___aeabi_d2iz
                0x10003954       0x48 CMakeFiles/IndependentHID.dir/home/pi/pico/pico-sdk/src/rp2_common/pico_double/double_aeabi.S.obj
                0x10003954                __wrap___aeabi_d2iz
                0x10003954                double2int_z
 .text.__wrap___aeabi_d2uiz
                0x1000399c       0x18 CMakeFiles/IndependentHID.dir/home/pi/pico/pico-sdk/src/rp2_common/pico_double/double_aeabi.S.obj
                0x1000399c                double2uint
                0x1000399c                __wrap___aeabi_d2uiz
 .text.__aeabi_double_init
                0x100039b4       0xb8 CMakeFiles/IndependentHID.dir/home/pi/pico/pico-sdk/src/rp2_common/pico_double/double_init_rom.c.obj
                0x100039b4                __aeabi_double_init
 .text.double_table_shim_on_use_helper
                0x10003a6c       0x34 CMakeFiles/IndependentHID.dir/home/pi/pico/pico-sdk/src/rp2_common/pico_double/double_v1_rom_shim.S.obj
                0x10003a6c                double_table_shim_on_use_helper
 .text.__wrap___aeabi_dsub
                0x10003aa0       0x10 CMakeFiles/IndependentHID.dir/home/pi/pico/pico-sdk/src/rp2_common/pico_double/double_v1_rom_shim.S.obj
                0x10003aa0                drsub_shim
                0x10003aa6                dsub_shim
 .text.dadd_shim
                0x10003ab0      0x15c CMakeFiles/IndependentHID.dir/home/pi/pico/pico-sdk/src/rp2_common/pico_double/double_v1_rom_shim.S.obj
                0x10003ab0                dadd_shim
 .text.dmul_shim
                0x10003c0c      0x15c CMakeFiles/IndependentHID.dir/home/pi/pico/pico-sdk/src/rp2_common/pico_double/double_v1_rom_shim.S.obj
                0x10003c0c                dmul_shim
 .text.ddiv_shim
                0x10003d68      0x1b0 CMakeFiles/IndependentHID.dir/home/pi/pico/pico-sdk/src/rp2_common/pico_double/double_v1_rom_shim.S.obj
                0x10003d68                ddiv_shim
 .text.dcordic_rot_step
                0x10003f18       0x7c CMakeFiles/IndependentHID.dir/home/pi/pico/pico-sdk/src/rp2_common/pico_double/double_v1_rom_shim.S.obj
                0x10003f18                dcordic_rot_step
 .text.double2uint_shim
                0x10003f94        0xe CMakeFiles/IndependentHID.dir/home/pi/pico/pico-sdk/src/rp2_common/pico_double/double_v1_rom_shim.S.obj
                0x10003f94                double2uint_shim
                0x10003f96                double2ufix_shim
 *fill*         0x10003fa2        0x2 
 .text.double2uint64_shim
                0x10003fa4       0x6c CMakeFiles/IndependentHID.dir/home/pi/pico/pico-sdk/src/rp2_common/pico_double/double_v1_rom_shim.S.obj
                0x10003fa4                double2uint64_shim
                0x10003fa6                double2ufix64_shim
                0x10003fc0                d2fix_a
 .text.dunpacks
                0x10004010       0x3c CMakeFiles/IndependentHID.dir/home/pi/pico/pico-sdk/src/rp2_common/pico_double/double_v1_rom_shim.S.obj
                0x10004010                dunpacks
 .text.__aeabi_lmul
                0x1000404c       0x32 CMakeFiles/IndependentHID.dir/home/pi/pico/pico-sdk/src/rp2_common/pico_int64_ops/pico_int64_ops_aeabi.S.obj
                0x1000404c                __wrap___aeabi_lmul
 *fill*         0x1000407e        0x2 
 .text.__aeabi_float_init
                0x10004080       0xfc CMakeFiles/IndependentHID.dir/home/pi/pico/pico-sdk/src/rp2_common/pico_float/float_init_rom.c.obj
                0x10004080                __aeabi_float_init
 .text.float_table_shim_on_use_helper
                0x1000417c       0x34 CMakeFiles/IndependentHID.dir/home/pi/pico/pico-sdk/src/rp2_common/pico_float/float_v1_rom_shim.S.obj
                0x1000417c                float_table_shim_on_use_helper
 .text          0x100041b0       0x10 CMakeFiles/IndependentHID.dir/home/pi/pico/pico-sdk/src/rp2_common/pico_mem_ops/mem_ops_aeabi.S.obj
                0x100041b0                __aeabi_mem_init
 .text.memset   0x100041c0        0xc CMakeFiles/IndependentHID.dir/home/pi/pico/pico-sdk/src/rp2_common/pico_mem_ops/mem_ops_aeabi.S.obj
                0x100041c0                __wrap_memset
 .text.memcpy   0x100041cc        0xc CMakeFiles/IndependentHID.dir/home/pi/pico/pico-sdk/src/rp2_common/pico_mem_ops/mem_ops_aeabi.S.obj
                0x100041cc                __wrap___aeabi_memcpy
                0x100041cc                __wrap_memcpy
 .text.stdio_out_chars_crlf
                0x100041d8       0x80 CMakeFiles/IndependentHID.dir/home/pi/pico/pico-sdk/src/rp2_common/pico_stdio/stdio.c.obj
 .text.stdio_stack_buffer_flush
                0x10004258       0x44 CMakeFiles/IndependentHID.dir/home/pi/pico/pico-sdk/src/rp2_common/pico_stdio/stdio.c.obj
 .text.stdio_buffered_printer
                0x1000429c       0x20 CMakeFiles/IndependentHID.dir/home/pi/pico/pico-sdk/src/rp2_common/pico_stdio/stdio.c.obj
 .text.stdout_serialize_begin
                0x100042bc       0x30 CMakeFiles/IndependentHID.dir/home/pi/pico/pico-sdk/src/rp2_common/pico_stdio/stdio.c.obj
                0x100042bc                stdout_serialize_begin
 .text.stdout_serialize_end
                0x100042ec       0x10 CMakeFiles/IndependentHID.dir/home/pi/pico/pico-sdk/src/rp2_common/pico_stdio/stdio.c.obj
                0x100042ec                stdout_serialize_end
 .text.stdio_put_string
                0x100042fc       0x78 CMakeFiles/IndependentHID.dir/home/pi/pico/pico-sdk/src/rp2_common/pico_stdio/stdio.c.obj
 .text.__wrap_putchar
                0x10004374       0x1a CMakeFiles/IndependentHID.dir/home/pi/pico/pico-sdk/src/rp2_common/pico_stdio/stdio.c.obj
                0x10004374                __wrap_putchar
 *fill*         0x1000438e        0x2 
 .text.stdio_set_driver_enabled
                0x10004390       0x38 CMakeFiles/IndependentHID.dir/home/pi/pico/pico-sdk/src/rp2_common/pico_stdio/stdio.c.obj
                0x10004390                stdio_set_driver_enabled
 .text.stdio_flush
                0x100043c8       0x20 CMakeFiles/IndependentHID.dir/home/pi/pico/pico-sdk/src/rp2_common/pico_stdio/stdio.c.obj
                0x100043c8                stdio_flush
 .text.__wrap_puts
                0x100043e8       0x1c CMakeFiles/IndependentHID.dir/home/pi/pico/pico-sdk/src/rp2_common/pico_stdio/stdio.c.obj
                0x100043e8                __wrap_puts
 .text.__wrap_vprintf
                0x10004404       0x44 CMakeFiles/IndependentHID.dir/home/pi/pico/pico-sdk/src/rp2_common/pico_stdio/stdio.c.obj
                0x10004404                __wrap_vprintf
 .text.__wrap_printf
                0x10004448       0x18 CMakeFiles/IndependentHID.dir/home/pi/pico/pico-sdk/src/rp2_common/pico_stdio/stdio.c.obj
                0x10004448                __wrap_printf
 .text.stdio_init_all
                0x10004460        0x8 CMakeFiles/IndependentHID.dir/home/pi/pico/pico-sdk/src/rp2_common/pico_stdio/stdio.c.obj
                0x10004460                stdio_init_all
 .text.stdio_uart_out_chars
                0x10004468       0x70 CMakeFiles/IndependentHID.dir/home/pi/pico/pico-sdk/src/rp2_common/pico_stdio_uart/stdio_uart.c.obj
 .text.stdio_uart_in_chars
                0x100044d8       0x50 CMakeFiles/IndependentHID.dir/home/pi/pico/pico-sdk/src/rp2_common/pico_stdio_uart/stdio_uart.c.obj
                0x100044d8                stdio_uart_in_chars
 .text.stdio_uart_init_full
                0x10004528       0x3c CMakeFiles/IndependentHID.dir/home/pi/pico/pico-sdk/src/rp2_common/pico_stdio_uart/stdio_uart.c.obj
                0x10004528                stdio_uart_init_full
 .text.stdio_uart_init
                0x10004564       0x28 CMakeFiles/IndependentHID.dir/home/pi/pico/pico-sdk/src/rp2_common/pico_stdio_uart/stdio_uart.c.obj
                0x10004564                stdio_uart_init
 .text.hw_endpoint_get_by_addr
                0x1000458c       0x18 CMakeFiles/IndependentHID.dir/home/pi/pico/pico-sdk/lib/tinyusb/src/portable/raspberrypi/rp2040/dcd_rp2040.c.obj
 .text.reset_ep0
                0x100045a4       0x2c CMakeFiles/IndependentHID.dir/home/pi/pico/pico-sdk/lib/tinyusb/src/portable/raspberrypi/rp2040/dcd_rp2040.c.obj
 .text._hw_endpoint_alloc
                0x100045d0       0x80 CMakeFiles/IndependentHID.dir/home/pi/pico/pico-sdk/lib/tinyusb/src/portable/raspberrypi/rp2040/dcd_rp2040.c.obj
 .text._hw_endpoint_init
                0x10004650       0xbc CMakeFiles/IndependentHID.dir/home/pi/pico/pico-sdk/lib/tinyusb/src/portable/raspberrypi/rp2040/dcd_rp2040.c.obj
 .text.hw_endpoint_init
                0x1000470c       0x18 CMakeFiles/IndependentHID.dir/home/pi/pico/pico-sdk/lib/tinyusb/src/portable/raspberrypi/rp2040/dcd_rp2040.c.obj
 .text.hw_handle_buff_status
                0x10004724       0xb4 CMakeFiles/IndependentHID.dir/home/pi/pico/pico-sdk/lib/tinyusb/src/portable/raspberrypi/rp2040/dcd_rp2040.c.obj
 .text.dcd_rp2040_irq
                0x100047d8       0xa4 CMakeFiles/IndependentHID.dir/home/pi/pico/pico-sdk/lib/tinyusb/src/portable/raspberrypi/rp2040/dcd_rp2040.c.obj
 .text.hw_endpoint_xfer
                0x1000487c       0x18 CMakeFiles/IndependentHID.dir/home/pi/pico/pico-sdk/lib/tinyusb/src/portable/raspberrypi/rp2040/dcd_rp2040.c.obj
 .text.ep0_0len_status
                0x10004894       0x14 CMakeFiles/IndependentHID.dir/home/pi/pico/pico-sdk/lib/tinyusb/src/portable/raspberrypi/rp2040/dcd_rp2040.c.obj
 .text._hw_endpoint_stall
                0x100048a8       0x54 CMakeFiles/IndependentHID.dir/home/pi/pico/pico-sdk/lib/tinyusb/src/portable/raspberrypi/rp2040/dcd_rp2040.c.obj
 .text.hw_endpoint_stall
                0x100048fc        0xc CMakeFiles/IndependentHID.dir/home/pi/pico/pico-sdk/lib/tinyusb/src/portable/raspberrypi/rp2040/dcd_rp2040.c.obj
 .text._hw_endpoint_clear_stall
                0x10004908       0x34 CMakeFiles/IndependentHID.dir/home/pi/pico/pico-sdk/lib/tinyusb/src/portable/raspberrypi/rp2040/dcd_rp2040.c.obj
 .text.hw_endpoint_clear_stall
                0x1000493c        0xc CMakeFiles/IndependentHID.dir/home/pi/pico/pico-sdk/lib/tinyusb/src/portable/raspberrypi/rp2040/dcd_rp2040.c.obj
 .text.dcd_int_enable
                0x10004948       0x2c CMakeFiles/IndependentHID.dir/home/pi/pico/pico-sdk/lib/tinyusb/src/portable/raspberrypi/rp2040/dcd_rp2040.c.obj
                0x10004948                dcd_int_enable
 .text.dcd_set_address
                0x10004974       0x28 CMakeFiles/IndependentHID.dir/home/pi/pico/pico-sdk/lib/tinyusb/src/portable/raspberrypi/rp2040/dcd_rp2040.c.obj
                0x10004974                dcd_set_address
 .text.dcd_connect
                0x1000499c       0x30 CMakeFiles/IndependentHID.dir/home/pi/pico/pico-sdk/lib/tinyusb/src/portable/raspberrypi/rp2040/dcd_rp2040.c.obj
                0x1000499c                dcd_connect
 .text.dcd_init
                0x100049cc       0x84 CMakeFiles/IndependentHID.dir/home/pi/pico/pico-sdk/lib/tinyusb/src/portable/raspberrypi/rp2040/dcd_rp2040.c.obj
                0x100049cc                dcd_init
 .text.dcd_edpt0_status_complete
                0x10004a50       0x40 CMakeFiles/IndependentHID.dir/home/pi/pico/pico-sdk/lib/tinyusb/src/portable/raspberrypi/rp2040/dcd_rp2040.c.obj
                0x10004a50                dcd_edpt0_status_complete
 .text.dcd_edpt_open
                0x10004a90       0x40 CMakeFiles/IndependentHID.dir/home/pi/pico/pico-sdk/lib/tinyusb/src/portable/raspberrypi/rp2040/dcd_rp2040.c.obj
                0x10004a90                dcd_edpt_open
 .text.dcd_edpt_xfer
                0x10004ad0       0x34 CMakeFiles/IndependentHID.dir/home/pi/pico/pico-sdk/lib/tinyusb/src/portable/raspberrypi/rp2040/dcd_rp2040.c.obj
                0x10004ad0                dcd_edpt_xfer
 .text.dcd_edpt_stall
                0x10004b04       0x28 CMakeFiles/IndependentHID.dir/home/pi/pico/pico-sdk/lib/tinyusb/src/portable/raspberrypi/rp2040/dcd_rp2040.c.obj
                0x10004b04                dcd_edpt_stall
 .text.dcd_edpt_clear_stall
                0x10004b2c       0x2c CMakeFiles/IndependentHID.dir/home/pi/pico/pico-sdk/lib/tinyusb/src/portable/raspberrypi/rp2040/dcd_rp2040.c.obj
                0x10004b2c                dcd_edpt_clear_stall
 .text.rp2040_usb_init
                0x10004b58       0x50 CMakeFiles/IndependentHID.dir/home/pi/pico/pico-sdk/lib/tinyusb/src/portable/raspberrypi/rp2040/rp2040_usb.c.obj
                0x10004b58                rp2040_usb_init
 .text.hw_endpoint_reset_transfer
                0x10004ba8       0x10 CMakeFiles/IndependentHID.dir/home/pi/pico/pico-sdk/lib/tinyusb/src/portable/raspberrypi/rp2040/rp2040_usb.c.obj
                0x10004ba8                hw_endpoint_reset_transfer
 .text._hw_endpoint_buffer_control_update32
                0x10004bb8       0x58 CMakeFiles/IndependentHID.dir/home/pi/pico/pico-sdk/lib/tinyusb/src/portable/raspberrypi/rp2040/rp2040_usb.c.obj
                0x10004bb8                _hw_endpoint_buffer_control_update32
 .text._hw_endpoint_start_next_buffer
                0x10004c10       0x50 CMakeFiles/IndependentHID.dir/home/pi/pico/pico-sdk/lib/tinyusb/src/portable/raspberrypi/rp2040/rp2040_usb.c.obj
                0x10004c10                _hw_endpoint_start_next_buffer
 .text._hw_endpoint_xfer_start
                0x10004c60       0x3e CMakeFiles/IndependentHID.dir/home/pi/pico/pico-sdk/lib/tinyusb/src/portable/raspberrypi/rp2040/rp2040_usb.c.obj
                0x10004c60                _hw_endpoint_xfer_start
 *fill*         0x10004c9e        0x2 
 .text._hw_endpoint_xfer_sync
                0x10004ca0       0x74 CMakeFiles/IndependentHID.dir/home/pi/pico/pico-sdk/lib/tinyusb/src/portable/raspberrypi/rp2040/rp2040_usb.c.obj
                0x10004ca0                _hw_endpoint_xfer_sync
 .text._hw_endpoint_xfer_continue
                0x10004d14       0x60 CMakeFiles/IndependentHID.dir/home/pi/pico/pico-sdk/lib/tinyusb/src/portable/raspberrypi/rp2040/rp2040_usb.c.obj
                0x10004d14                _hw_endpoint_xfer_continue
 .text._hw_endpoint_xfer
                0x10004d74       0x34 CMakeFiles/IndependentHID.dir/home/pi/pico/pico-sdk/lib/tinyusb/src/portable/raspberrypi/rp2040/rp2040_usb.c.obj
                0x10004d74                _hw_endpoint_xfer
 .text.mark_interface_endpoint
                0x10004da8       0x2a CMakeFiles/IndependentHID.dir/home/pi/pico/pico-sdk/lib/tinyusb/src/device/usbd.c.obj
 *fill*         0x10004dd2        0x2 
 .text.usbd_reset
                0x10004dd4       0x8c CMakeFiles/IndependentHID.dir/home/pi/pico/pico-sdk/lib/tinyusb/src/device/usbd.c.obj
 .text.invoke_class_control
                0x10004e60       0x1a CMakeFiles/IndependentHID.dir/home/pi/pico/pico-sdk/lib/tinyusb/src/device/usbd.c.obj
 *fill*         0x10004e7a        0x2 
 .text.process_set_config
                0x10004e7c      0x1d8 CMakeFiles/IndependentHID.dir/home/pi/pico/pico-sdk/lib/tinyusb/src/device/usbd.c.obj
 .text.process_get_descriptor
                0x10005054      0x104 CMakeFiles/IndependentHID.dir/home/pi/pico/pico-sdk/lib/tinyusb/src/device/usbd.c.obj
 .text.tud_mounted
                0x10005158       0x10 CMakeFiles/IndependentHID.dir/home/pi/pico/pico-sdk/lib/tinyusb/src/device/usbd.c.obj
                0x10005158                tud_mounted
 .text.tud_suspended
                0x10005168       0x10 CMakeFiles/IndependentHID.dir/home/pi/pico/pico-sdk/lib/tinyusb/src/device/usbd.c.obj
                0x10005168                tud_suspended
 .text.tud_inited
                0x10005178        0xc CMakeFiles/IndependentHID.dir/home/pi/pico/pico-sdk/lib/tinyusb/src/device/usbd.c.obj
                0x10005178                tud_inited
 .text.tud_init
                0x10005184       0xd0 CMakeFiles/IndependentHID.dir/home/pi/pico/pico-sdk/lib/tinyusb/src/device/usbd.c.obj
                0x10005184                tud_init
 .text.dcd_event_handler
                0x10005254      0x178 CMakeFiles/IndependentHID.dir/home/pi/pico/pico-sdk/lib/tinyusb/src/device/usbd.c.obj
                0x10005254                dcd_event_handler
 .text.dcd_event_bus_signal
                0x100053cc       0x28 CMakeFiles/IndependentHID.dir/home/pi/pico/pico-sdk/lib/tinyusb/src/device/usbd.c.obj
                0x100053cc                dcd_event_bus_signal
 .text.dcd_event_bus_reset
                0x100053f4       0x2c CMakeFiles/IndependentHID.dir/home/pi/pico/pico-sdk/lib/tinyusb/src/device/usbd.c.obj
                0x100053f4                dcd_event_bus_reset
 .text.dcd_event_setup_received
                0x10005420       0x34 CMakeFiles/IndependentHID.dir/home/pi/pico/pico-sdk/lib/tinyusb/src/device/usbd.c.obj
                0x10005420                dcd_event_setup_received
 .text.dcd_event_xfer_complete
                0x10005454       0x46 CMakeFiles/IndependentHID.dir/home/pi/pico/pico-sdk/lib/tinyusb/src/device/usbd.c.obj
                0x10005454                dcd_event_xfer_complete
 *fill*         0x1000549a        0x2 
 .text.usbd_edpt_open
                0x1000549c       0xe0 CMakeFiles/IndependentHID.dir/home/pi/pico/pico-sdk/lib/tinyusb/src/device/usbd.c.obj
                0x1000549c                usbd_edpt_open
 .text.usbd_open_edpt_pair
                0x1000557c       0x84 CMakeFiles/IndependentHID.dir/home/pi/pico/pico-sdk/lib/tinyusb/src/device/usbd.c.obj
                0x1000557c                usbd_open_edpt_pair
 .text.usbd_edpt_claim
                0x10005600       0x88 CMakeFiles/IndependentHID.dir/home/pi/pico/pico-sdk/lib/tinyusb/src/device/usbd.c.obj
                0x10005600                usbd_edpt_claim
 .text.usbd_edpt_xfer
                0x10005688       0x80 CMakeFiles/IndependentHID.dir/home/pi/pico/pico-sdk/lib/tinyusb/src/device/usbd.c.obj
                0x10005688                usbd_edpt_xfer
 .text.usbd_edpt_busy
                0x10005708       0x1c CMakeFiles/IndependentHID.dir/home/pi/pico/pico-sdk/lib/tinyusb/src/device/usbd.c.obj
                0x10005708                usbd_edpt_busy
 .text.usbd_edpt_stall
                0x10005724       0x2c CMakeFiles/IndependentHID.dir/home/pi/pico/pico-sdk/lib/tinyusb/src/device/usbd.c.obj
                0x10005724                usbd_edpt_stall
 .text.usbd_edpt_clear_stall
                0x10005750       0x2c CMakeFiles/IndependentHID.dir/home/pi/pico/pico-sdk/lib/tinyusb/src/device/usbd.c.obj
                0x10005750                usbd_edpt_clear_stall
 .text.usbd_edpt_stalled
                0x1000577c       0x1c CMakeFiles/IndependentHID.dir/home/pi/pico/pico-sdk/lib/tinyusb/src/device/usbd.c.obj
                0x1000577c                usbd_edpt_stalled
 .text.process_control_request
                0x10005798      0x380 CMakeFiles/IndependentHID.dir/home/pi/pico/pico-sdk/lib/tinyusb/src/device/usbd.c.obj
 .text.tud_task
                0x10005b18      0x208 CMakeFiles/IndependentHID.dir/home/pi/pico/pico-sdk/lib/tinyusb/src/device/usbd.c.obj
                0x10005b18                tud_task
 .text._data_stage_xact
                0x10005d20       0x58 CMakeFiles/IndependentHID.dir/home/pi/pico/pico-sdk/lib/tinyusb/src/device/usbd_control.c.obj
 .text.tud_control_status
                0x10005d78       0x38 CMakeFiles/IndependentHID.dir/home/pi/pico/pico-sdk/lib/tinyusb/src/device/usbd_control.c.obj
                0x10005d78                tud_control_status
 .text.tud_control_xfer
                0x10005db0       0xa4 CMakeFiles/IndependentHID.dir/home/pi/pico/pico-sdk/lib/tinyusb/src/device/usbd_control.c.obj
                0x10005db0                tud_control_xfer
 .text.usbd_control_reset
                0x10005e54       0x14 CMakeFiles/IndependentHID.dir/home/pi/pico/pico-sdk/lib/tinyusb/src/device/usbd_control.c.obj
                0x10005e54                usbd_control_reset
 .text.usbd_control_set_complete_callback
                0x10005e68        0xc CMakeFiles/IndependentHID.dir/home/pi/pico/pico-sdk/lib/tinyusb/src/device/usbd_control.c.obj
                0x10005e68                usbd_control_set_complete_callback
 .text.usbd_control_set_request
                0x10005e74       0x1c CMakeFiles/IndependentHID.dir/home/pi/pico/pico-sdk/lib/tinyusb/src/device/usbd_control.c.obj
                0x10005e74                usbd_control_set_request
 .text.usbd_control_xfer_cb
                0x10005e90      0x100 CMakeFiles/IndependentHID.dir/home/pi/pico/pico-sdk/lib/tinyusb/src/device/usbd_control.c.obj
                0x10005e90                usbd_control_xfer_cb
 .text.tud_hid_n_ready
                0x10005f90       0x50 CMakeFiles/IndependentHID.dir/home/pi/pico/pico-sdk/lib/tinyusb/src/class/hid/hid_device.c.obj
                0x10005f90                tud_hid_n_ready
 .text.tud_hid_n_report
                0x10005fe0       0x84 CMakeFiles/IndependentHID.dir/home/pi/pico/pico-sdk/lib/tinyusb/src/class/hid/hid_device.c.obj
                0x10005fe0                tud_hid_n_report
 .text.hidd_reset
                0x10006064       0x14 CMakeFiles/IndependentHID.dir/home/pi/pico/pico-sdk/lib/tinyusb/src/class/hid/hid_device.c.obj
                0x10006064                hidd_reset
 .text.hidd_init
                0x10006078        0xa CMakeFiles/IndependentHID.dir/home/pi/pico/pico-sdk/lib/tinyusb/src/class/hid/hid_device.c.obj
                0x10006078                hidd_init
 *fill*         0x10006082        0x2 
 .text.hidd_open
                0x10006084      0x100 CMakeFiles/IndependentHID.dir/home/pi/pico/pico-sdk/lib/tinyusb/src/class/hid/hid_device.c.obj
                0x10006084                hidd_open
 .text.hidd_control_xfer_cb
                0x10006184      0x230 CMakeFiles/IndependentHID.dir/home/pi/pico/pico-sdk/lib/tinyusb/src/class/hid/hid_device.c.obj
                0x10006184                hidd_control_xfer_cb
 .text.hidd_xfer_cb
                0x100063b4       0xa8 CMakeFiles/IndependentHID.dir/home/pi/pico/pico-sdk/lib/tinyusb/src/class/hid/hid_device.c.obj
                0x100063b4                hidd_xfer_cb
 .text.tusb_init
                0x1000645c       0x24 CMakeFiles/IndependentHID.dir/home/pi/pico/pico-sdk/lib/tinyusb/src/tusb.c.obj
                0x1000645c                tusb_init
 .text.tusb_inited
                0x10006480        0xe CMakeFiles/IndependentHID.dir/home/pi/pico/pico-sdk/lib/tinyusb/src/tusb.c.obj
                0x10006480                tusb_inited
 .text.advance_pointer
                0x1000648e       0x20 CMakeFiles/IndependentHID.dir/home/pi/pico/pico-sdk/lib/tinyusb/src/common/tusb_fifo.c.obj
 .text.backward_pointer
                0x100064ae       0x20 CMakeFiles/IndependentHID.dir/home/pi/pico/pico-sdk/lib/tinyusb/src/common/tusb_fifo.c.obj
 .text.get_relative_pointer
                0x100064ce       0x10 CMakeFiles/IndependentHID.dir/home/pi/pico/pico-sdk/lib/tinyusb/src/common/tusb_fifo.c.obj
 .text._tu_fifo_peek
                0x100064de       0x4c CMakeFiles/IndependentHID.dir/home/pi/pico/pico-sdk/lib/tinyusb/src/common/tusb_fifo.c.obj
 .text.tu_fifo_read
                0x1000652a       0x42 CMakeFiles/IndependentHID.dir/home/pi/pico/pico-sdk/lib/tinyusb/src/common/tusb_fifo.c.obj
                0x1000652a                tu_fifo_read
 .text.tu_fifo_write
                0x1000656c       0x6c CMakeFiles/IndependentHID.dir/home/pi/pico/pico-sdk/lib/tinyusb/src/common/tusb_fifo.c.obj
                0x1000656c                tu_fifo_write
 .text.tu_fifo_clear
                0x100065d8       0x4c CMakeFiles/IndependentHID.dir/home/pi/pico/pico-sdk/lib/tinyusb/src/common/tusb_fifo.c.obj
                0x100065d8                tu_fifo_clear
 .text.board_init
                0x10006624       0x30 CMakeFiles/IndependentHID.dir/home/pi/pico/pico-sdk/lib/tinyusb/hw/bsp/rp2040/family.c.obj
                0x10006624                board_init
 .text.board_led_write
                0x10006654       0x1c CMakeFiles/IndependentHID.dir/home/pi/pico/pico-sdk/lib/tinyusb/hw/bsp/rp2040/family.c.obj
                0x10006654                board_led_write
 .text          0x10006670       0x10 /usr/lib/gcc/arm-none-eabi/7.3.1/../../../arm-none-eabi/lib/thumb/v6-m/libg.a(lib_a-abort.o)
                0x10006670                abort
 .text          0x10006680      0x570 /usr/lib/gcc/arm-none-eabi/7.3.1/../../../arm-none-eabi/lib/thumb/v6-m/libg.a(lib_a-mallocr.o)
                0x10006680                _malloc_r
 .text          0x10006bf0        0x8 /usr/lib/gcc/arm-none-eabi/7.3.1/../../../arm-none-eabi/lib/thumb/v6-m/libg.a(lib_a-mlock.o)
                0x10006bf0                __malloc_lock
                0x10006bf4                __malloc_unlock
 .text          0x10006bf8       0x24 /usr/lib/gcc/arm-none-eabi/7.3.1/../../../arm-none-eabi/lib/thumb/v6-m/libg.a(lib_a-sbrkr.o)
                0x10006bf8                _sbrk_r
 .text          0x10006c1c      0x190 /usr/lib/gcc/arm-none-eabi/7.3.1/../../../arm-none-eabi/lib/thumb/v6-m/libg.a(lib_a-signal.o)
                0x10006c48                _init_signal_r
                0x10006c64                _signal_r
                0x10006ca0                _raise_r
                0x10006cfc                __sigtramp_r
                0x10006d4c                raise
                0x10006d60                signal
                0x10006d78                _init_signal
                0x10006d98                __sigtramp
 .text          0x10006dac       0x30 /usr/lib/gcc/arm-none-eabi/7.3.1/../../../arm-none-eabi/lib/thumb/v6-m/libg.a(lib_a-signalr.o)
                0x10006dac                _kill_r
                0x10006dd4                _getpid_r
 .text          0x10006ddc       0x64 /usr/lib/gcc/arm-none-eabi/7.3.1/../../../arm-none-eabi/lib/thumb/v6-m/libg.a(lib_a-strlen-stub.o)
                0x10006ddc                strlen
 .text          0x10006e40      0x274 /usr/lib/gcc/arm-none-eabi/7.3.1/../../../arm-none-eabi/lib/thumb/v6-m/libg.a(lib_a-freer.o)
                0x10006e40                _malloc_trim_r
                0x10006ee0                _free_r
 .text          0x100070b4       0x10 /usr/lib/gcc/arm-none-eabi/7.3.1/../../../arm-none-eabi/lib/thumb/v6-m/libnosys.a(getpid.o)
                0x100070b4                _getpid
 .text          0x100070c4       0x10 /usr/lib/gcc/arm-none-eabi/7.3.1/../../../arm-none-eabi/lib/thumb/v6-m/libnosys.a(kill.o)
                0x100070c4                _kill
 *(.fini)
 .fini          0x100070d4        0x4 /usr/lib/gcc/arm-none-eabi/7.3.1/thumb/v6-m/crti.o
                0x100070d4                _fini
 .fini.__stub   0x100070d8       0x60 linker stubs
 *crtbegin.o(.ctors)
 *crtbegin?.o(.ctors)
 *(EXCLUDE_FILE(*crtend.o *crtend?.o) .ctors)
 *(SORT_BY_NAME(.ctors.*))
 *(.ctors)
 *crtbegin.o(.dtors)
 *crtbegin?.o(.dtors)
 *(EXCLUDE_FILE(*crtend.o *crtend?.o) .dtors)
 *(SORT_BY_NAME(.dtors.*))
 *(.dtors)
 *(.eh_frame*)
 .eh_frame      0x10007138        0x0 /usr/lib/gcc/arm-none-eabi/7.3.1/thumb/v6-m/crtbegin.o
                0x10007138                . = ALIGN (0x4)

.glue_7         0x10007138        0x0
 .glue_7        0x10007138        0x0 linker stubs

.glue_7t        0x10007138        0x0
 .glue_7t       0x10007138        0x0 linker stubs

.vfp11_veneer   0x10007138        0x0
 .vfp11_veneer  0x10007138        0x0 linker stubs

.v4_bx          0x10007138        0x0
 .v4_bx         0x10007138        0x0 linker stubs

.iplt           0x10007138        0x0
 .iplt          0x10007138        0x0 /usr/lib/gcc/arm-none-eabi/7.3.1/thumb/v6-m/crtbegin.o

.rodata         0x10007138     0x147c
 *(EXCLUDE_FILE(*libm.a: *libc.a:*lib_a-mem*.o *libgcc.a:) .rodata*)
 .rodata._Z8hid_taskv.str1.4
                0x10007138       0x5d CMakeFiles/IndependentHID.dir/IndependentHID.cpp.obj
 *fill*         0x10007195        0x3 
 .rodata._ZZL20update_us_since_bootP15absolute_time_tyE19__PRETTY_FUNCTION__
                0x10007198       0x36 CMakeFiles/IndependentHID.dir/IndependentHID.cpp.obj
 *fill*         0x100071ce        0x2 
 .rodata.main.str1.4
                0x100071d0       0x26 CMakeFiles/IndependentHID.dir/IndependentHID.cpp.obj
 *fill*         0x100071f6        0x2 
 .rodata.__compound_literal.0
                0x100071f8        0x2 CMakeFiles/IndependentHID.dir/usb_descriptors.c.obj
 *fill*         0x100071fa        0x2 
 .rodata.desc_configuration
                0x100071fc       0x22 CMakeFiles/IndependentHID.dir/usb_descriptors.c.obj
                0x100071fc                desc_configuration
 *fill*         0x1000721e        0x2 
 .rodata.desc_device
                0x10007220       0x12 CMakeFiles/IndependentHID.dir/usb_descriptors.c.obj
                0x10007220                desc_device
 *fill*         0x10007232        0x2 
 .rodata.desc_hid_report
                0x10007234       0x44 CMakeFiles/IndependentHID.dir/usb_descriptors.c.obj
                0x10007234                desc_hid_report
 .rodata.str1.4
                0x10007278       0x1f CMakeFiles/IndependentHID.dir/usb_descriptors.c.obj
 *fill*         0x10007297        0x1 
 .rodata.spin_lock_claim_unused.str1.4
                0x10007298       0x1b CMakeFiles/IndependentHID.dir/home/pi/pico/pico-sdk/src/rp2_common/hardware_sync/sync.c.obj
 *fill*         0x100072b3        0x1 
 .rodata.__func__.5648
                0x100072b4       0x15 CMakeFiles/IndependentHID.dir/home/pi/pico/pico-sdk/src/common/pico_time/time.c.obj
 *fill*         0x100072c9        0x3 
 .rodata.__func__.5949
                0x100072cc        0xc CMakeFiles/IndependentHID.dir/home/pi/pico/pico-sdk/src/common/pico_time/time.c.obj
 .rodata.__func__.5956
                0x100072d8       0x12 CMakeFiles/IndependentHID.dir/home/pi/pico/pico-sdk/src/common/pico_time/time.c.obj
 *fill*         0x100072ea        0x2 
 .rodata.__func__.5972
                0x100072ec        0xf CMakeFiles/IndependentHID.dir/home/pi/pico/pico-sdk/src/common/pico_time/time.c.obj
 *fill*         0x100072fb        0x1 
 .rodata.__func__.5994
                0x100072fc        0xd CMakeFiles/IndependentHID.dir/home/pi/pico/pico-sdk/src/common/pico_time/time.c.obj
 *fill*         0x10007309        0x3 
 .rodata.__func__.6195
                0x1000730c        0xa CMakeFiles/IndependentHID.dir/home/pi/pico/pico-sdk/src/common/pico_time/time.c.obj
 *fill*         0x10007316        0x2 
 .rodata.__func__.6200
                0x10007318       0x12 CMakeFiles/IndependentHID.dir/home/pi/pico/pico-sdk/src/common/pico_time/time.c.obj
 *fill*         0x1000732a        0x2 
 .rodata.__func__.6215
                0x1000732c       0x17 CMakeFiles/IndependentHID.dir/home/pi/pico/pico-sdk/src/common/pico_time/time.c.obj
 *fill*         0x10007343        0x1 
 .rodata.__func__.6226
                0x10007344       0x15 CMakeFiles/IndependentHID.dir/home/pi/pico/pico-sdk/src/common/pico_time/time.c.obj
 *fill*         0x10007359        0x3 
 .rodata.__func__.6243
                0x1000735c       0x1a CMakeFiles/IndependentHID.dir/home/pi/pico/pico-sdk/src/common/pico_time/time.c.obj
 *fill*         0x10007376        0x2 
 .rodata.__func__.6282
                0x10007378       0x18 CMakeFiles/IndependentHID.dir/home/pi/pico/pico-sdk/src/common/pico_time/time.c.obj
 .rodata.add_alarm_under_lock.str1.4
                0x10007390       0x28 CMakeFiles/IndependentHID.dir/home/pi/pico/pico-sdk/src/common/pico_time/time.c.obj
                                 0x2b (size before relaxing)
 .rodata.alarm_pool_alarm_callback.str1.4
                0x100073b8       0x82 CMakeFiles/IndependentHID.dir/home/pi/pico/pico-sdk/src/common/pico_time/time.c.obj
                                 0xe2 (size before relaxing)
 *fill*         0x1000743a        0x2 
 .rodata.alarm_pool_cancel_alarm.str1.4
                0x1000743c       0x27 CMakeFiles/IndependentHID.dir/home/pi/pico/pico-sdk/src/common/pico_time/time.c.obj
 *fill*         0x10007463        0x1 
 .rodata.alarm_pool_dump_key.str1.4
                0x10007464       0x33 CMakeFiles/IndependentHID.dir/home/pi/pico/pico-sdk/src/common/pico_time/time.c.obj
 *fill*         0x10007497        0x1 
 .rodata.alarm_pool_get_default.str1.4
                0x10007498       0x21 CMakeFiles/IndependentHID.dir/home/pi/pico/pico-sdk/src/common/pico_time/time.c.obj
 *fill*         0x100074b9        0x3 
 .rodata.ph_add_child_node.str1.4
                0x100074bc       0x92 CMakeFiles/IndependentHID.dir/home/pi/pico/pico-sdk/src/common/pico_time/time.c.obj
 *fill*         0x1000754e        0x2 
 .rodata.repeating_timer_callback.str1.4
                0x10007550       0x47 CMakeFiles/IndependentHID.dir/home/pi/pico/pico-sdk/src/common/pico_time/time.c.obj
 *fill*         0x10007597        0x1 
 .rodata.__func__.4508
                0x10007598       0x1a CMakeFiles/IndependentHID.dir/home/pi/pico/pico-sdk/src/rp2_common/hardware_timer/timer.c.obj
 *fill*         0x100075b2        0x2 
 .rodata.hardware_alarm_claim.str1.4
                0x100075b4       0x22 CMakeFiles/IndependentHID.dir/home/pi/pico/pico-sdk/src/rp2_common/hardware_timer/timer.c.obj
 *fill*         0x100075d6        0x2 
 .rodata.hardware_alarm_set_target.str1.4
                0x100075d8       0x61 CMakeFiles/IndependentHID.dir/home/pi/pico/pico-sdk/src/rp2_common/hardware_timer/timer.c.obj
 *fill*         0x10007639        0x3 
 .rodata.__func__.4173
                0x1000763c       0x15 CMakeFiles/IndependentHID.dir/home/pi/pico/pico-sdk/src/common/pico_sync/mutex.c.obj
 *fill*         0x10007651        0x3 
 .rodata.__func__.4570
                0x10007654       0x15 CMakeFiles/IndependentHID.dir/home/pi/pico/pico-sdk/src/common/pico_sync/mutex.c.obj
 *fill*         0x10007669        0x3 
 .rodata.__func__.4595
                0x1000766c       0x18 CMakeFiles/IndependentHID.dir/home/pi/pico/pico-sdk/src/common/pico_sync/mutex.c.obj
 .rodata.__func__.4605
                0x10007684        0xb CMakeFiles/IndependentHID.dir/home/pi/pico/pico-sdk/src/common/pico_sync/mutex.c.obj
 *fill*         0x1000768f        0x1 
 .rodata.str1.4
                0x10007690       0xad CMakeFiles/IndependentHID.dir/home/pi/pico/pico-sdk/src/common/pico_sync/mutex.c.obj
                                0x10d (size before relaxing)
 *fill*         0x1000773d        0x3 
 .rodata.__func__.5655
                0x10007740        0xc CMakeFiles/IndependentHID.dir/home/pi/pico/pico-sdk/src/common/pico_util/pheap.c.obj
 .rodata.__func__.5662
                0x1000774c       0x12 CMakeFiles/IndependentHID.dir/home/pi/pico/pico-sdk/src/common/pico_util/pheap.c.obj
 *fill*         0x1000775e        0x2 
 .rodata.__func__.5748
                0x10007760       0x13 CMakeFiles/IndependentHID.dir/home/pi/pico/pico-sdk/src/common/pico_util/pheap.c.obj
 *fill*         0x10007773        0x1 
 .rodata.__func__.5766
                0x10007774       0x18 CMakeFiles/IndependentHID.dir/home/pi/pico/pico-sdk/src/common/pico_util/pheap.c.obj
 .rodata.ph_add_child_node.str1.4
                0x1000778c       0x92 CMakeFiles/IndependentHID.dir/home/pi/pico/pico-sdk/src/common/pico_util/pheap.c.obj
 .rodata.ph_remove_and_free_node.str1.4
                0x1000778c       0x26 CMakeFiles/IndependentHID.dir/home/pi/pico/pico-sdk/src/common/pico_util/pheap.c.obj
 *fill*         0x100077b2        0x2 
 .rodata.ph_remove_any_head.str1.4
                0x100077b4       0x88 CMakeFiles/IndependentHID.dir/home/pi/pico/pico-sdk/src/common/pico_util/pheap.c.obj
 .rodata.__assert_func.str1.4
                0x1000783c       0x3f CMakeFiles/IndependentHID.dir/home/pi/pico/pico-sdk/src/rp2_common/pico_runtime/runtime.c.obj
                                 0x43 (size before relaxing)
 *fill*         0x1000787b        0x1 
 .rodata.panic.str1.4
                0x1000787c       0x12 CMakeFiles/IndependentHID.dir/home/pi/pico/pico-sdk/src/rp2_common/pico_runtime/runtime.c.obj
 *fill*         0x1000788e        0x2 
 .rodata.__func__.4627
                0x10007890       0x10 CMakeFiles/IndependentHID.dir/home/pi/pico/pico-sdk/src/rp2_common/hardware_clocks/clocks.c.obj
 .rodata.clock_configure.str1.4
                0x100078a0       0x53 CMakeFiles/IndependentHID.dir/home/pi/pico/pico-sdk/src/rp2_common/hardware_clocks/clocks.c.obj
 *fill*         0x100078f3        0x1 
 .rodata.__func__.4663
                0x100078f4       0x1a CMakeFiles/IndependentHID.dir/home/pi/pico/pico-sdk/src/rp2_common/hardware_irq/irq.c.obj
 *fill*         0x1000790e        0x2 
 .rodata.__func__.4677
                0x10007910        0xc CMakeFiles/IndependentHID.dir/home/pi/pico/pico-sdk/src/rp2_common/hardware_irq/irq.c.obj
 .rodata.__func__.4685
                0x1000791c       0x17 CMakeFiles/IndependentHID.dir/home/pi/pico/pico-sdk/src/rp2_common/hardware_irq/irq.c.obj
 *fill*         0x10007933        0x1 
 .rodata.__func__.4689
                0x10007934        0xf CMakeFiles/IndependentHID.dir/home/pi/pico/pico-sdk/src/rp2_common/hardware_irq/irq.c.obj
 *fill*         0x10007943        0x1 
 .rodata.__func__.4728
                0x10007944       0x13 CMakeFiles/IndependentHID.dir/home/pi/pico/pico-sdk/src/rp2_common/hardware_irq/irq.c.obj
 *fill*         0x10007957        0x1 
 .rodata.__func__.4747
                0x10007958       0x1a CMakeFiles/IndependentHID.dir/home/pi/pico/pico-sdk/src/rp2_common/hardware_irq/irq.c.obj
 *fill*         0x10007972        0x2 
 .rodata.irq_add_shared_handler.str1.4
                0x10007974       0xd9 CMakeFiles/IndependentHID.dir/home/pi/pico/pico-sdk/src/rp2_common/hardware_irq/irq.c.obj
 *fill*         0x10007a4d        0x3 
 .rodata.irq_add_tail_to_free_list.str1.4
                0x10007a50       0x32 CMakeFiles/IndependentHID.dir/home/pi/pico/pico-sdk/src/rp2_common/hardware_irq/irq.c.obj
                                 0x3a (size before relaxing)
 *fill*         0x10007a82        0x2 
 .rodata.irq_remove_handler.str1.4
                0x10007a84       0x2a CMakeFiles/IndependentHID.dir/home/pi/pico/pico-sdk/src/rp2_common/hardware_irq/irq.c.obj
 *fill*         0x10007aae        0x2 
 .rodata.irq_set_exclusive_handler.str1.4
                0x10007ab0       0x36 CMakeFiles/IndependentHID.dir/home/pi/pico/pico-sdk/src/rp2_common/hardware_irq/irq.c.obj
 *fill*         0x10007ae6        0x2 
 .rodata.make_branch.str1.4
                0x10007ae8       0x49 CMakeFiles/IndependentHID.dir/home/pi/pico/pico-sdk/src/rp2_common/hardware_irq/irq.c.obj
 *fill*         0x10007b31        0x3 
 .rodata.__func__.4362
                0x10007b34        0x9 CMakeFiles/IndependentHID.dir/home/pi/pico/pico-sdk/src/rp2_common/hardware_pll/pll.c.obj
 *fill*         0x10007b3d        0x3 
 .rodata.pll_init.str1.4
                0x10007b40       0xd7 CMakeFiles/IndependentHID.dir/home/pi/pico/pico-sdk/src/rp2_common/hardware_pll/pll.c.obj
 *fill*         0x10007c17        0x1 
 .rodata._vsnprintf
                0x10007c18      0x1e0 CMakeFiles/IndependentHID.dir/home/pi/pico/pico-sdk/src/rp2_common/pico_printf/printf.c.obj
 .rodata._ftoa.str1.4
                0x10007df8       0x15 CMakeFiles/IndependentHID.dir/home/pi/pico/pico-sdk/src/rp2_common/pico_printf/printf.c.obj
 *fill*         0x10007e0d        0x3 
 .rodata.pow10.5369
                0x10007e10       0x50 CMakeFiles/IndependentHID.dir/home/pi/pico/pico-sdk/src/rp2_common/pico_printf/printf.c.obj
 .rodata.__aeabi_double_init.str1.4
                0x10007e60       0xa4 CMakeFiles/IndependentHID.dir/home/pi/pico/pico-sdk/src/rp2_common/pico_double/double_init_rom.c.obj
 .rodata.__func__.4628
                0x10007f04       0x14 CMakeFiles/IndependentHID.dir/home/pi/pico/pico-sdk/src/rp2_common/pico_double/double_init_rom.c.obj
 .rodata.__aeabi_float_init.str1.4
                0x10007f18       0x76 CMakeFiles/IndependentHID.dir/home/pi/pico/pico-sdk/src/rp2_common/pico_float/float_init_rom.c.obj
                                 0x7a (size before relaxing)
 *fill*         0x10007f8e        0x2 
 .rodata.__func__.4630
                0x10007f90       0x13 CMakeFiles/IndependentHID.dir/home/pi/pico/pico-sdk/src/rp2_common/pico_float/float_init_rom.c.obj
 *fill*         0x10007fa3        0x1 
 .rodata.__bi_44
                0x10007fa4        0xc CMakeFiles/IndependentHID.dir/home/pi/pico/pico-sdk/src/rp2_common/pico_standard_link/binary_info.c.obj
 .rodata.__bi_56
                0x10007fb0        0xc CMakeFiles/IndependentHID.dir/home/pi/pico/pico-sdk/src/rp2_common/pico_standard_link/binary_info.c.obj
 .rodata.__bi_75
                0x10007fbc        0xc CMakeFiles/IndependentHID.dir/home/pi/pico/pico-sdk/src/rp2_common/pico_standard_link/binary_info.c.obj
 .rodata.__bi_81
                0x10007fc8        0xc CMakeFiles/IndependentHID.dir/home/pi/pico/pico-sdk/src/rp2_common/pico_standard_link/binary_info.c.obj
 .rodata.str1.4
                0x10007fd4       0x48 CMakeFiles/IndependentHID.dir/home/pi/pico/pico-sdk/src/rp2_common/pico_standard_link/binary_info.c.obj
 .rodata.crlf_str.5957
                0x1000801c        0x2 CMakeFiles/IndependentHID.dir/home/pi/pico/pico-sdk/src/rp2_common/pico_stdio/stdio.c.obj
 *fill*         0x1000801e        0x2 
 .rodata.__bi_28.4699
                0x10008020        0xc CMakeFiles/IndependentHID.dir/home/pi/pico/pico-sdk/src/rp2_common/pico_stdio_uart/stdio_uart.c.obj
 .rodata.__bi_29.4703
                0x1000802c        0x8 CMakeFiles/IndependentHID.dir/home/pi/pico/pico-sdk/src/rp2_common/pico_stdio_uart/stdio_uart.c.obj
 .rodata.str1.4
                0x10008034       0x2c CMakeFiles/IndependentHID.dir/home/pi/pico/pico-sdk/src/rp2_common/pico_stdio_uart/stdio_uart.c.obj
 .rodata.__func__.6787
                0x10008060       0x13 CMakeFiles/IndependentHID.dir/home/pi/pico/pico-sdk/lib/tinyusb/src/portable/raspberrypi/rp2040/dcd_rp2040.c.obj
 *fill*         0x10008073        0x1 
 .rodata.__func__.6818
                0x10008074       0x16 CMakeFiles/IndependentHID.dir/home/pi/pico/pico-sdk/lib/tinyusb/src/portable/raspberrypi/rp2040/dcd_rp2040.c.obj
 *fill*         0x1000808a        0x2 
 .rodata.__func__.6839
                0x1000808c       0x13 CMakeFiles/IndependentHID.dir/home/pi/pico/pico-sdk/lib/tinyusb/src/portable/raspberrypi/rp2040/dcd_rp2040.c.obj
 *fill*         0x1000809f        0x1 
 .rodata.__func__.6860
                0x100080a0        0x9 CMakeFiles/IndependentHID.dir/home/pi/pico/pico-sdk/lib/tinyusb/src/portable/raspberrypi/rp2040/dcd_rp2040.c.obj
 *fill*         0x100080a9        0x3 
 .rodata.__func__.6864
                0x100080ac        0xf CMakeFiles/IndependentHID.dir/home/pi/pico/pico-sdk/lib/tinyusb/src/portable/raspberrypi/rp2040/dcd_rp2040.c.obj
 *fill*         0x100080bb        0x1 
 .rodata.__func__.6873
                0x100080bc       0x10 CMakeFiles/IndependentHID.dir/home/pi/pico/pico-sdk/lib/tinyusb/src/portable/raspberrypi/rp2040/dcd_rp2040.c.obj
 .rodata.__func__.6885
                0x100080cc        0xc CMakeFiles/IndependentHID.dir/home/pi/pico/pico-sdk/lib/tinyusb/src/portable/raspberrypi/rp2040/dcd_rp2040.c.obj
 .rodata.__func__.6890
                0x100080d8       0x1a CMakeFiles/IndependentHID.dir/home/pi/pico/pico-sdk/lib/tinyusb/src/portable/raspberrypi/rp2040/dcd_rp2040.c.obj
 *fill*         0x100080f2        0x2 
 .rodata.__func__.6895
                0x100080f4        0xe CMakeFiles/IndependentHID.dir/home/pi/pico/pico-sdk/lib/tinyusb/src/portable/raspberrypi/rp2040/dcd_rp2040.c.obj
 *fill*         0x10008102        0x2 
 .rodata.__func__.6902
                0x10008104        0xe CMakeFiles/IndependentHID.dir/home/pi/pico/pico-sdk/lib/tinyusb/src/portable/raspberrypi/rp2040/dcd_rp2040.c.obj
 *fill*         0x10008112        0x2 
 .rodata.__func__.6907
                0x10008114        0xf CMakeFiles/IndependentHID.dir/home/pi/pico/pico-sdk/lib/tinyusb/src/portable/raspberrypi/rp2040/dcd_rp2040.c.obj
 *fill*         0x10008123        0x1 
 .rodata.__func__.6912
                0x10008124       0x15 CMakeFiles/IndependentHID.dir/home/pi/pico/pico-sdk/lib/tinyusb/src/portable/raspberrypi/rp2040/dcd_rp2040.c.obj
 *fill*         0x10008139        0x3 
 .rodata._hw_endpoint_alloc.str1.4
                0x1000813c       0xb1 CMakeFiles/IndependentHID.dir/home/pi/pico/pico-sdk/lib/tinyusb/src/portable/raspberrypi/rp2040/dcd_rp2040.c.obj
 *fill*         0x100081ed        0x3 
 .rodata._hw_endpoint_init.str1.4
                0x100081f0       0x28 CMakeFiles/IndependentHID.dir/home/pi/pico/pico-sdk/lib/tinyusb/src/portable/raspberrypi/rp2040/dcd_rp2040.c.obj
 .rodata._hw_endpoint_stall.str1.4
                0x10008218        0xd CMakeFiles/IndependentHID.dir/home/pi/pico/pico-sdk/lib/tinyusb/src/portable/raspberrypi/rp2040/dcd_rp2040.c.obj
 *fill*         0x10008225        0x3 
 .rodata.dcd_int_enable.str1.4
                0x10008228        0xc CMakeFiles/IndependentHID.dir/home/pi/pico/pico-sdk/lib/tinyusb/src/portable/raspberrypi/rp2040/dcd_rp2040.c.obj
 .rodata.dcd_rp2040_irq.str1.4
                0x10008234       0x14 CMakeFiles/IndependentHID.dir/home/pi/pico/pico-sdk/lib/tinyusb/src/portable/raspberrypi/rp2040/dcd_rp2040.c.obj
 .rodata.hw_handle_buff_status.str1.4
                0x10008248        0xb CMakeFiles/IndependentHID.dir/home/pi/pico/pico-sdk/lib/tinyusb/src/portable/raspberrypi/rp2040/dcd_rp2040.c.obj
 *fill*         0x10008253        0x1 
 .rodata.__func__.6566
                0x10008254       0x17 CMakeFiles/IndependentHID.dir/home/pi/pico/pico-sdk/lib/tinyusb/src/portable/raspberrypi/rp2040/rp2040_usb.c.obj
 *fill*         0x1000826b        0x1 
 .rodata.__func__.6577
                0x1000826c       0x12 CMakeFiles/IndependentHID.dir/home/pi/pico/pico-sdk/lib/tinyusb/src/portable/raspberrypi/rp2040/rp2040_usb.c.obj
 *fill*         0x1000827e        0x2 
 .rodata._hw_endpoint_buffer_control_update32.str1.4
                0x10008280       0x1f CMakeFiles/IndependentHID.dir/home/pi/pico/pico-sdk/lib/tinyusb/src/portable/raspberrypi/rp2040/rp2040_usb.c.obj
 *fill*         0x1000829f        0x1 
 .rodata._hw_endpoint_xfer.str1.4
                0x100082a0        0xf CMakeFiles/IndependentHID.dir/home/pi/pico/pico-sdk/lib/tinyusb/src/portable/raspberrypi/rp2040/rp2040_usb.c.obj
 *fill*         0x100082af        0x1 
 .rodata._hw_endpoint_xfer_continue.str1.4
                0x100082b0       0x50 CMakeFiles/IndependentHID.dir/home/pi/pico/pico-sdk/lib/tinyusb/src/portable/raspberrypi/rp2040/rp2040_usb.c.obj
 .rodata._hw_endpoint_xfer_sync.str1.4
                0x10008300       0x8d CMakeFiles/IndependentHID.dir/home/pi/pico/pico-sdk/lib/tinyusb/src/portable/raspberrypi/rp2040/rp2040_usb.c.obj
 .rodata.str1.4
                0x1000838d       0x8d CMakeFiles/IndependentHID.dir/home/pi/pico/pico-sdk/lib/tinyusb/src/portable/raspberrypi/rp2040/rp2040_usb.c.obj
                                  0x7 (size before relaxing)
 *fill*         0x1000838d        0x3 
 .rodata.process_get_descriptor
                0x10008390       0x40 CMakeFiles/IndependentHID.dir/home/pi/pico/pico-sdk/lib/tinyusb/src/device/usbd.c.obj
 .rodata.process_control_request
                0x100083d0       0x28 CMakeFiles/IndependentHID.dir/home/pi/pico/pico-sdk/lib/tinyusb/src/device/usbd.c.obj
 .rodata.tud_task
                0x100083f8       0x24 CMakeFiles/IndependentHID.dir/home/pi/pico/pico-sdk/lib/tinyusb/src/device/usbd.c.obj
 .rodata.__func__.6440
                0x1000841c       0x10 CMakeFiles/IndependentHID.dir/home/pi/pico/pico-sdk/lib/tinyusb/src/device/usbd.c.obj
 .rodata.__func__.7315
                0x1000842c        0x9 CMakeFiles/IndependentHID.dir/home/pi/pico/pico-sdk/lib/tinyusb/src/device/usbd.c.obj
 *fill*         0x10008435        0x3 
 .rodata.__func__.7336
                0x10008438       0x18 CMakeFiles/IndependentHID.dir/home/pi/pico/pico-sdk/lib/tinyusb/src/device/usbd.c.obj
 .rodata.__func__.7374
                0x10008450       0x13 CMakeFiles/IndependentHID.dir/home/pi/pico/pico-sdk/lib/tinyusb/src/device/usbd.c.obj
 *fill*         0x10008463        0x1 
 .rodata.__func__.7417
                0x10008464       0x17 CMakeFiles/IndependentHID.dir/home/pi/pico/pico-sdk/lib/tinyusb/src/device/usbd.c.obj
 *fill*         0x1000847b        0x1 
 .rodata.__func__.7471
                0x1000847c       0x14 CMakeFiles/IndependentHID.dir/home/pi/pico/pico-sdk/lib/tinyusb/src/device/usbd.c.obj
 .rodata.__func__.7487
                0x10008490        0xf CMakeFiles/IndependentHID.dir/home/pi/pico/pico-sdk/lib/tinyusb/src/device/usbd.c.obj
 *fill*         0x1000849f        0x1 
 .rodata.__func__.7515
                0x100084a0        0xf CMakeFiles/IndependentHID.dir/home/pi/pico/pico-sdk/lib/tinyusb/src/device/usbd.c.obj
 *fill*         0x100084af        0x1 
 .rodata._usbd_driver
                0x100084b0       0x18 CMakeFiles/IndependentHID.dir/home/pi/pico/pico-sdk/lib/tinyusb/src/device/usbd.c.obj
 .rodata.process_set_config.str1.4
                0x100084c8       0x17 CMakeFiles/IndependentHID.dir/home/pi/pico/pico-sdk/lib/tinyusb/src/device/usbd.c.obj
 *fill*         0x100084df        0x1 
 .rodata.__func__.7228
                0x100084e0       0x11 CMakeFiles/IndependentHID.dir/home/pi/pico/pico-sdk/lib/tinyusb/src/device/usbd_control.c.obj
 *fill*         0x100084f1        0x3 
 .rodata.__func__.7255
                0x100084f4       0x15 CMakeFiles/IndependentHID.dir/home/pi/pico/pico-sdk/lib/tinyusb/src/device/usbd_control.c.obj
 .rodata.tud_control_xfer.str1.4
                0x10008509       0x17 CMakeFiles/IndependentHID.dir/home/pi/pico/pico-sdk/lib/tinyusb/src/device/usbd_control.c.obj
 *fill*         0x10008509        0x3 
 .rodata.hidd_control_xfer_cb
                0x1000850c       0x30 CMakeFiles/IndependentHID.dir/home/pi/pico/pico-sdk/lib/tinyusb/src/class/hid/hid_device.c.obj
 .rodata.__PRETTY_FUNCTION__.7184
                0x1000853c        0xa CMakeFiles/IndependentHID.dir/home/pi/pico/pico-sdk/lib/tinyusb/src/class/hid/hid_device.c.obj
 *fill*         0x10008546        0x2 
 .rodata.__func__.7177
                0x10008548        0xa CMakeFiles/IndependentHID.dir/home/pi/pico/pico-sdk/lib/tinyusb/src/class/hid/hid_device.c.obj
 *fill*         0x10008552        0x2 
 .rodata.__func__.7198
                0x10008554       0x15 CMakeFiles/IndependentHID.dir/home/pi/pico/pico-sdk/lib/tinyusb/src/class/hid/hid_device.c.obj
 *fill*         0x10008569        0x3 
 .rodata.__func__.7219
                0x1000856c        0xd CMakeFiles/IndependentHID.dir/home/pi/pico/pico-sdk/lib/tinyusb/src/class/hid/hid_device.c.obj
 *fill*         0x10008579        0x3 
 .rodata.hidd_open.str1.4
                0x1000857c       0x11 CMakeFiles/IndependentHID.dir/home/pi/pico/pico-sdk/lib/tinyusb/src/class/hid/hid_device.c.obj
                                 0x29 (size before relaxing)
 *fill*         0x1000858d        0x3 
 .rodata.__func__.7104
                0x10008590        0xa CMakeFiles/IndependentHID.dir/home/pi/pico/pico-sdk/lib/tinyusb/src/tusb.c.obj
 .rodata.tusb_init.str1.4
                0x1000859a       0x17 CMakeFiles/IndependentHID.dir/home/pi/pico/pico-sdk/lib/tinyusb/src/tusb.c.obj
 *fill*         0x1000859a        0x2 
 .rodata.__bi_121.7539
                0x1000859c        0xc CMakeFiles/IndependentHID.dir/home/pi/pico/pico-sdk/lib/tinyusb/hw/bsp/rp2040/family.c.obj
 .rodata.__bi_131.7542
                0x100085a8        0x8 CMakeFiles/IndependentHID.dir/home/pi/pico/pico-sdk/lib/tinyusb/hw/bsp/rp2040/family.c.obj
 .rodata.str1.4
                0x100085b0        0x4 CMakeFiles/IndependentHID.dir/home/pi/pico/pico-sdk/lib/tinyusb/hw/bsp/rp2040/family.c.obj
                0x100085b4                . = ALIGN (0x4)
 *(SORT_BY_ALIGNMENT(SORT_BY_NAME(.flashdata*)))
                0x100085b4                . = ALIGN (0x4)

.ARM.extab      0x100085b4       0x30
 *(.ARM.extab* .gnu.linkonce.armextab.*)
 .ARM.extab     0x100085b4       0x24 /usr/lib/gcc/arm-none-eabi/7.3.1/thumb/v6-m/libgcc.a(unwind-arm.o)
 .ARM.extab     0x100085d8        0xc /usr/lib/gcc/arm-none-eabi/7.3.1/thumb/v6-m/libgcc.a(pr-support.o)
                0x100085e4                __exidx_start = .

.ARM.exidx      0x100085e4       0xe8
 *(.ARM.exidx* .gnu.linkonce.armexidx.*)
 .ARM.exidx.text.tud_mount_cb
                0x100085e4        0x8 CMakeFiles/IndependentHID.dir/IndependentHID.cpp.obj
 .ARM.exidx.text.tud_umount_cb
                0x100085ec        0x0 CMakeFiles/IndependentHID.dir/IndependentHID.cpp.obj
                                  0x8 (size before relaxing)
 .ARM.exidx.text.tud_suspend_cb
                0x100085ec        0x0 CMakeFiles/IndependentHID.dir/IndependentHID.cpp.obj
                                  0x8 (size before relaxing)
 .ARM.exidx.text.tud_resume_cb
                0x100085ec        0x0 CMakeFiles/IndependentHID.dir/IndependentHID.cpp.obj
                                  0x8 (size before relaxing)
 .ARM.exidx.text._Z8hid_taskv
                0x100085ec        0x8 CMakeFiles/IndependentHID.dir/IndependentHID.cpp.obj
 .ARM.exidx.text.tud_hid_get_report_cb
                0x100085f4        0x8 CMakeFiles/IndependentHID.dir/IndependentHID.cpp.obj
 .ARM.exidx.text.tud_hid_set_report_cb
                0x100085fc        0x0 CMakeFiles/IndependentHID.dir/IndependentHID.cpp.obj
                                  0x8 (size before relaxing)
 .ARM.exidx.text._Z17led_blinking_taskv
                0x100085fc        0x8 CMakeFiles/IndependentHID.dir/IndependentHID.cpp.obj
 .ARM.exidx.text.main
                0x10008604        0x8 CMakeFiles/IndependentHID.dir/IndependentHID.cpp.obj
 .ARM.exidx     0x1000860c       0x90 /usr/lib/gcc/arm-none-eabi/7.3.1/thumb/v6-m/libgcc.a(unwind-arm.o)
                                 0xd8 (size before relaxing)
 .ARM.exidx     0x1000869c       0x30 /usr/lib/gcc/arm-none-eabi/7.3.1/thumb/v6-m/libgcc.a(pr-support.o)
                                 0x48 (size before relaxing)
                0x100086cc                __exidx_end = .

.rel.dyn        0x100086cc        0x0
 .rel.iplt      0x100086cc        0x0 /usr/lib/gcc/arm-none-eabi/7.3.1/thumb/v6-m/crtbegin.o
                0x100086cc                . = ALIGN (0x4)
                0x100086cc                __binary_info_start = .

.binary_info    0x100086cc       0x30
 *(.binary_info.keep.*)
 .binary_info.keep.__bi_ptr22
                0x100086cc        0x4 CMakeFiles/IndependentHID.dir/home/pi/pico/pico-sdk/src/rp2_common/pico_standard_link/binary_info.c.obj
 .binary_info.keep.__bi_ptr30
                0x100086d0        0x4 CMakeFiles/IndependentHID.dir/home/pi/pico/pico-sdk/src/rp2_common/pico_standard_link/binary_info.c.obj
 .binary_info.keep.__bi_ptr38
                0x100086d4        0x4 CMakeFiles/IndependentHID.dir/home/pi/pico/pico-sdk/src/rp2_common/pico_standard_link/binary_info.c.obj
 .binary_info.keep.__bi_ptr44
                0x100086d8        0x4 CMakeFiles/IndependentHID.dir/home/pi/pico/pico-sdk/src/rp2_common/pico_standard_link/binary_info.c.obj
 .binary_info.keep.__bi_ptr50
                0x100086dc        0x4 CMakeFiles/IndependentHID.dir/home/pi/pico/pico-sdk/src/rp2_common/pico_standard_link/binary_info.c.obj
 .binary_info.keep.__bi_ptr56
                0x100086e0        0x4 CMakeFiles/IndependentHID.dir/home/pi/pico/pico-sdk/src/rp2_common/pico_standard_link/binary_info.c.obj
 .binary_info.keep.__bi_ptr75
                0x100086e4        0x4 CMakeFiles/IndependentHID.dir/home/pi/pico/pico-sdk/src/rp2_common/pico_standard_link/binary_info.c.obj
 .binary_info.keep.__bi_ptr81
                0x100086e8        0x4 CMakeFiles/IndependentHID.dir/home/pi/pico/pico-sdk/src/rp2_common/pico_standard_link/binary_info.c.obj
 .binary_info.keep.__bi_ptr121
                0x100086ec        0x4 CMakeFiles/IndependentHID.dir/home/pi/pico/pico-sdk/lib/tinyusb/hw/bsp/rp2040/family.c.obj
 .binary_info.keep.__bi_ptr131
                0x100086f0        0x4 CMakeFiles/IndependentHID.dir/home/pi/pico/pico-sdk/lib/tinyusb/hw/bsp/rp2040/family.c.obj
 *(.binary_info.*)
 .binary_info.__bi_ptr28
                0x100086f4        0x4 CMakeFiles/IndependentHID.dir/home/pi/pico/pico-sdk/src/rp2_common/pico_stdio_uart/stdio_uart.c.obj
 .binary_info.__bi_ptr29
                0x100086f8        0x4 CMakeFiles/IndependentHID.dir/home/pi/pico/pico-sdk/src/rp2_common/pico_stdio_uart/stdio_uart.c.obj
                0x100086fc                __binary_info_end = .
                0x100086fc                . = ALIGN (0x4)
                0x100086fc                __etext = .

.ram_vector_table
                0x20000000       0xc0
 *(.ram_vector_table)
 .ram_vector_table
                0x20000000       0xc0 CMakeFiles/IndependentHID.dir/home/pi/pico/pico-sdk/src/rp2_common/pico_runtime/runtime.c.obj
                0x20000000                ram_vector_table

.data           0x200000c0     0x1b1c load address 0x100086fc
                0x200000c0                __data_start__ = .
 *(vtable)
 *(.time_critical*)
 .time_critical.mutex_enter_blocking
                0x200000c0       0x94 CMakeFiles/IndependentHID.dir/home/pi/pico/pico-sdk/src/common/pico_sync/mutex.c.obj
                0x200000c0                mutex_enter_blocking
 .time_critical.mutex_try_enter
                0x20000154       0x5a CMakeFiles/IndependentHID.dir/home/pi/pico/pico-sdk/src/common/pico_sync/mutex.c.obj
                0x20000154                mutex_try_enter
 *fill*         0x200001ae        0x2 
 .time_critical.mutex_enter_block_until
                0x200001b0       0x8c CMakeFiles/IndependentHID.dir/home/pi/pico/pico-sdk/src/common/pico_sync/mutex.c.obj
                0x200001b0                mutex_enter_block_until
 .time_critical.mutex_enter_timeout_ms
                0x2000023c       0x6c CMakeFiles/IndependentHID.dir/home/pi/pico/pico-sdk/src/common/pico_sync/mutex.c.obj
                0x2000023c                mutex_enter_timeout_ms
 .time_critical.mutex_exit
                0x200002a8       0x94 CMakeFiles/IndependentHID.dir/home/pi/pico/pico-sdk/src/common/pico_sync/mutex.c.obj
                0x200002a8                mutex_exit
 *(.text*)
 .text          0x2000033c        0x4 /usr/lib/gcc/arm-none-eabi/7.3.1/thumb/v6-m/libgcc.a(_dvmd_tls.o)
                0x2000033c                __aeabi_ldiv0
                0x2000033c                __aeabi_idiv0
 .text          0x20000340      0xa08 /usr/lib/gcc/arm-none-eabi/7.3.1/thumb/v6-m/libgcc.a(unwind-arm.o)
                0x200005fc                _Unwind_GetCFA
                0x20000600                __gnu_Unwind_RaiseException
                0x20000654                __gnu_Unwind_ForcedUnwind
                0x20000668                __gnu_Unwind_Resume
                0x200006b0                __gnu_Unwind_Resume_or_Rethrow
                0x200006cc                _Unwind_Complete
                0x200006d0                _Unwind_DeleteException
                0x200006e0                _Unwind_VRS_Get
                0x20000728                _Unwind_VRS_Set
                0x20000770                __gnu_Unwind_Backtrace
                0x20000ac0                __aeabi_unwind_cpp_pr0
                0x20000acc                __aeabi_unwind_cpp_pr1
                0x20000ad8                __aeabi_unwind_cpp_pr2
                0x20000ae4                _Unwind_VRS_Pop
 .text          0x20000d48      0x144 /usr/lib/gcc/arm-none-eabi/7.3.1/thumb/v6-m/libgcc.a(libunwind.o)
                0x20000d48                __restore_core_regs
                0x20000d48                restore_core_regs
                0x20000d74                __gnu_Unwind_Restore_VFP
                0x20000d78                __gnu_Unwind_Save_VFP
                0x20000d7c                __gnu_Unwind_Restore_VFP_D
                0x20000d80                __gnu_Unwind_Save_VFP_D
                0x20000d84                __gnu_Unwind_Restore_VFP_D_16_to_31
                0x20000d88                __gnu_Unwind_Save_VFP_D_16_to_31
                0x20000d8c                __gnu_Unwind_Restore_WMMXD
                0x20000d90                __gnu_Unwind_Save_WMMXD
                0x20000d94                __gnu_Unwind_Restore_WMMXC
                0x20000d98                __gnu_Unwind_Save_WMMXC
                0x20000d9c                ___Unwind_RaiseException
                0x20000d9c                _Unwind_RaiseException
                0x20000dcc                ___Unwind_Resume
                0x20000dcc                _Unwind_Resume
                0x20000dfc                _Unwind_Resume_or_Rethrow
                0x20000dfc                ___Unwind_Resume_or_Rethrow
                0x20000e2c                ___Unwind_ForcedUnwind
                0x20000e2c                _Unwind_ForcedUnwind
                0x20000e5c                _Unwind_Backtrace
                0x20000e5c                ___Unwind_Backtrace
 .text          0x20000e8c      0x39c /usr/lib/gcc/arm-none-eabi/7.3.1/thumb/v6-m/libgcc.a(pr-support.o)
                0x20000ee0                __gnu_unwind_execute
                0x200011d0                __gnu_unwind_frame
                0x200011f8                _Unwind_GetRegionStart
                0x20001204                _Unwind_GetLanguageSpecificData
                0x20001218                _Unwind_GetDataRelBase
                0x20001220                _Unwind_GetTextRelBase
 .text.__stub   0x20001228       0x60 linker stubs
                0x20001288                . = ALIGN (0x4)
 *(.rodata*)
                0x20001288                . = ALIGN (0x4)
 *(.data*)
 .data._ZL17blink_interval_ms
                0x20001288        0x4 CMakeFiles/IndependentHID.dir/IndependentHID.cpp.obj
 .data._ZZ8hid_taskvE15has_gamepad_key
                0x2000128c        0x1 CMakeFiles/IndependentHID.dir/IndependentHID.cpp.obj
 *fill*         0x2000128d        0x3 
 .data.string_desc_arr
                0x20001290       0x10 CMakeFiles/IndependentHID.dir/usb_descriptors.c.obj
                0x20001290                string_desc_arr
 .data.striped_spin_lock_num
                0x200012a0        0x1 CMakeFiles/IndependentHID.dir/home/pi/pico/pico-sdk/src/rp2_common/hardware_sync/sync.c.obj
 *fill*         0x200012a1        0x3 
 .data.default_alarm_pool
                0x200012a4       0x18 CMakeFiles/IndependentHID.dir/home/pi/pico/pico-sdk/src/common/pico_time/time.c.obj
 .data.default_alarm_pool_heap
                0x200012bc       0x10 CMakeFiles/IndependentHID.dir/home/pi/pico/pico-sdk/src/common/pico_time/time.c.obj
 .data          0x200012cc       0x48 CMakeFiles/IndependentHID.dir/home/pi/pico/pico-sdk/src/rp2_common/hardware_irq/irq_handler_chain.S.obj
                0x200012cc                irq_handler_chain_slots
                0x200012fc                irq_handler_chain_first_slot
                0x20001306                irq_handler_chain_remove_tail
 *fill*         0x20001314        0xc 
 .data.aeabi_bits_funcs
                0x20001320       0x10 CMakeFiles/IndependentHID.dir/home/pi/pico/pico-sdk/src/rp2_common/pico_bit_ops/bit_ops_aeabi.S.obj
                0x20001320                aeabi_bits_funcs
                0x20001330                aeabi_bits_funcs_end
 .data.aeabi_mem_funcs
                0x20001330       0x10 CMakeFiles/IndependentHID.dir/home/pi/pico/pico-sdk/src/rp2_common/pico_mem_ops/mem_ops_aeabi.S.obj
                0x20001330                aeabi_mem_funcs
                0x20001340                aeabi_mem_funcs_end
 .data.stdio_uart
                0x20001340       0x14 CMakeFiles/IndependentHID.dir/home/pi/pico/pico-sdk/src/rp2_common/pico_stdio_uart/stdio_uart.c.obj
                0x20001340                stdio_uart
 .data.ep_dir_string
                0x20001354        0x8 CMakeFiles/IndependentHID.dir/home/pi/pico/pico-sdk/lib/tinyusb/src/portable/raspberrypi/rp2040/rp2040_usb.c.obj
                0x20001354                ep_dir_string
 .data._usbd_qdef
                0x2000135c       0x24 CMakeFiles/IndependentHID.dir/home/pi/pico/pico-sdk/lib/tinyusb/src/device/usbd.c.obj
                0x2000135c                _usbd_qdef
 .data          0x20001380      0x430 /usr/lib/gcc/arm-none-eabi/7.3.1/../../../arm-none-eabi/lib/thumb/v6-m/libg.a(lib_a-impure.o)
                0x20001380                _impure_ptr
 .data          0x200017b0      0x410 /usr/lib/gcc/arm-none-eabi/7.3.1/../../../arm-none-eabi/lib/thumb/v6-m/libg.a(lib_a-mallocr.o)
                0x200017b0                __malloc_sbrk_base
                0x200017b4                __malloc_trim_threshold
                0x200017b8                __malloc_av_
                0x20001bc0                . = ALIGN (0x4)
 *(.after_data.*)
                0x20001bc0                . = ALIGN (0x4)
                0x20001bc0                PROVIDE (__mutex_array_start = .)
 *(SORT_BY_NAME(.mutex_array.*))
 *(.mutex_array)
 .mutex_array   0x20001bc0        0x8 CMakeFiles/IndependentHID.dir/home/pi/pico/pico-sdk/src/rp2_common/pico_stdio/stdio.c.obj
                0x20001bc8                PROVIDE (__mutex_array_end = .)
                0x20001bc8                . = ALIGN (0x4)
                0x20001bc8                PROVIDE (__preinit_array_start = .)
 *(SORT_BY_NAME(.preinit_array.*))
 .preinit_array.00001
                0x20001bc8        0x4 CMakeFiles/IndependentHID.dir/home/pi/pico/pico-sdk/src/rp2_common/pico_mem_ops/mem_ops_aeabi.S.obj
 .preinit_array.00010
                0x20001bcc        0x4 CMakeFiles/IndependentHID.dir/home/pi/pico/pico-sdk/src/rp2_common/pico_bit_ops/bit_ops_aeabi.S.obj
 .preinit_array.00020
                0x20001bd0        0x4 CMakeFiles/IndependentHID.dir/home/pi/pico/pico-sdk/src/rp2_common/pico_double/double_aeabi.S.obj
 .preinit_array.00020
                0x20001bd4        0x4 CMakeFiles/IndependentHID.dir/home/pi/pico/pico-sdk/src/rp2_common/pico_float/float_aeabi.S.obj
 *(.preinit_array)
                0x20001bd8                PROVIDE (__preinit_array_end = .)
                0x20001bd8                . = ALIGN (0x4)
                0x20001bd8                PROVIDE (__init_array_start = .)
 *(SORT_BY_NAME(.init_array.*))
 *(.init_array)
 .init_array    0x20001bd8        0x4 /usr/lib/gcc/arm-none-eabi/7.3.1/thumb/v6-m/crtbegin.o
                0x20001bdc                PROVIDE (__init_array_end = .)
                0x20001bdc                . = ALIGN (0x4)
                0x20001bdc                PROVIDE (__fini_array_start = .)
 *(SORT_BY_NAME(.fini_array.*))
 *(.fini_array)
                0x20001bdc                PROVIDE (__fini_array_end = .)
 *(.jcr)
                0x20001bdc                . = ALIGN (0x4)
                0x20001bdc                __data_end__ = .

.tm_clone_table
                0x20001bdc        0x0 load address 0x1000a218
 .tm_clone_table
                0x20001bdc        0x0 /usr/lib/gcc/arm-none-eabi/7.3.1/thumb/v6-m/crtbegin.o
 .tm_clone_table
                0x20001bdc        0x0 /usr/lib/gcc/arm-none-eabi/7.3.1/thumb/v6-m/crtend.o

.igot.plt       0x20001bdc        0x0 load address 0x1000a218
 .igot.plt      0x20001bdc        0x0 /usr/lib/gcc/arm-none-eabi/7.3.1/thumb/v6-m/crtbegin.o

.uninitialized_data
                0x20001bdc        0x0 load address 0x1000a218
                0x20001bdc                . = ALIGN (0x4)
 *(.uninitialized_data*)

.scratch_x      0x20040000        0x0 load address 0x1000a218